MPLINK 4.37, Linker
Linker Map File - Created Sun Dec 26 11:39:09 2010

                                 Section Info
                  Section       Type    Address   Location Size(Bytes)
                ---------  ---------  ---------  ---------  ---------
                   .org_0       code   0x000000    program   0x000000
                   .org_1       code   0x000000    program   0x000022
      .config_2007_LAB3.O       code   0x002007    program   0x000002
      .config_2008_LAB3.O       code   0x002008    program   0x000002



                              Program Memory Usage 
                               Start         End      
                           ---------   ---------      
                            0x000000    0x000010      
                            0x002007    0x002008      
            19 out of 8454 program addresses used, program memory utilization is 0%



                              Symbols - Sorted by Name
                     Name    Address   Location    Storage File                     
                ---------  ---------  ---------  --------- ---------                
                    Delay   0x000007    program     static C:\Users\Shmuma\Work\radio\study\pickit2\Lab3\lab3.asm
                     Loop   0x000005    program     static C:\Users\Shmuma\Work\radio\study\pickit2\Lab3\lab3.asm
                    Start   0x000000    program     static C:\Users\Shmuma\Work\radio\study\pickit2\Lab3\lab3.asm



                              Symbols - Sorted by Address
                     Name    Address   Location    Storage File                     
                ---------  ---------  ---------  --------- ---------                
                    Start   0x000000    program     static C:\Users\Shmuma\Work\radio\study\pickit2\Lab3\lab3.asm
                     Loop   0x000005    program     static C:\Users\Shmuma\Work\radio\study\pickit2\Lab3\lab3.asm
                    Delay   0x000007    program     static C:\Users\Shmuma\Work\radio\study\pickit2\Lab3\lab3.asm


