MPLINK 4.37, Linker
Linker Map File - Created Wed Jan 19 22:08:36 2011

                                 Section Info
                  Section       Type    Address   Location Size(Bytes)
                ---------  ---------  ---------  ---------  ---------
               _entry_scn       code   0x000000    program   0x000006
                   .cinit    romdata   0x000006    program   0x000002
         .code_openxlcd.o       code   0x000008    program   0x0000de
               _cinit_scn       code   0x0000e6    program   0x00009e
         .code_putrxlcd.o       code   0x000184    program   0x000060
         .code_setddram.o       code   0x0001e4    program   0x000056
         .code_writdata.o       code   0x00023a    program   0x000052
         .code_wcmdxlcd.o       code   0x00028c    program   0x000052
         .code_base-lcd.o       code   0x0002de    program   0x000040
         .code_busyxlcd.o       code   0x00031e    program   0x00003e
             D10KTCYXCODE       code   0x00035c    program   0x00002e
              D1KTCYXCODE       code   0x00038a    program   0x000020
                    .code       code   0x0003aa    program   0x000020
             _startup_scn       code   0x0003ca    program   0x00001c
              D10TCYXCODE       code   0x0003e6    program   0x000016
             .stringtable    romdata   0x0003fc    program   0x00000e
           .code___init.o       code   0x00040a    program   0x000002
         .idata_c018i.o_i    romdata   0x00040c    program   0x000000
         .romdata_c018i.o    romdata   0x00040c    program   0x000000
      .romdata_writdata.o    romdata   0x00040c    program   0x000000
      .idata_writdata.o_i    romdata   0x00040c    program   0x000000
            .code_c018i.o       code   0x00040c    program   0x000000
      .romdata_putrxlcd.o    romdata   0x00040c    program   0x000000
      .idata_putrxlcd.o_i    romdata   0x00040c    program   0x000000
        .romdata___init.o    romdata   0x00040c    program   0x000000
        .idata___init.o_i    romdata   0x00040c    program   0x000000
      .romdata_wcmdxlcd.o    romdata   0x00040c    program   0x000000
      .idata_wcmdxlcd.o_i    romdata   0x00040c    program   0x000000
      .idata_base-lcd.o_i    romdata   0x00040c    program   0x000000
      .romdata_setddram.o    romdata   0x00040c    program   0x000000
      .idata_setddram.o_i    romdata   0x00040c    program   0x000000
      .romdata_base-lcd.o    romdata   0x00040c    program   0x000000
      .romdata_openxlcd.o    romdata   0x00040c    program   0x000000
      .idata_openxlcd.o_i    romdata   0x00040c    program   0x000000
      .romdata_busyxlcd.o    romdata   0x00040c    program   0x000000
      .idata_busyxlcd.o_i    romdata   0x00040c    program   0x000000
.config_300000_base-lcd.o    romdata   0x300000    program   0x000001
.config_300001_base-lcd.o    romdata   0x300001    program   0x000001
.config_300003_base-lcd.o    romdata   0x300003    program   0x000001
.config_300006_base-lcd.o    romdata   0x300006    program   0x000001
                MATH_DATA      udata   0x000000       data   0x000002
                DELAYDAT2      udata   0x000002       data   0x000001
                DELAYDAT1      udata   0x000003       data   0x000001
                 .tmpdata      udata   0x000004       data   0x000000
           .udata_c018i.o      udata   0x000060       data   0x00000a
        .idata_writdata.o      idata   0x00006a       data   0x000000
        .udata_writdata.o      udata   0x00006a       data   0x000000
        .idata_putrxlcd.o      idata   0x00006a       data   0x000000
        .udata_putrxlcd.o      udata   0x00006a       data   0x000000
          .idata___init.o      idata   0x00006a       data   0x000000
          .udata___init.o      udata   0x00006a       data   0x000000
        .idata_wcmdxlcd.o      idata   0x00006a       data   0x000000
        .udata_wcmdxlcd.o      udata   0x00006a       data   0x000000
        .idata_setddram.o      idata   0x00006a       data   0x000000
        .udata_setddram.o      udata   0x00006a       data   0x000000
        .idata_openxlcd.o      idata   0x00006a       data   0x000000
        .udata_openxlcd.o      udata   0x00006a       data   0x000000
        .idata_busyxlcd.o      idata   0x00006a       data   0x000000
        .udata_busyxlcd.o      udata   0x00006a       data   0x000000
        .idata_base-lcd.o      idata   0x00006a       data   0x000000
        .udata_base-lcd.o      udata   0x00006a       data   0x000000
           .idata_c018i.o      idata   0x00006a       data   0x000000
                   .stack      udata   0x000300       data   0x000100
            SFR_UNBANKED0      udata   0x000f66       data   0x00009a



                              Program Memory Usage 
                               Start         End      
                           ---------   ---------      
                            0x000000    0x00040b      
                            0x300000    0x300001      
                            0x300003    0x300003      
                            0x300006    0x300006      
            1040 out of 33048 program addresses used, program memory utilization is 3%



                              Symbols - Sorted by Name
                     Name    Address   Location    Storage File                     
                ---------  ---------  ---------  --------- ---------                
                 BusyXLCD   0x00031e    program     extern C:\Users\Shmuma\Work\radio\PIC LCD-USB demo\Control\BaseC\busyxlcd.c
                   D10K_1   0x000368    program     static C:\Program Files\Microchip\mplabc18\v3.37\src\traditional\delays\d10ktcyx.asm
                    D10Kl   0x000374    program     static C:\Program Files\Microchip\mplabc18\v3.37\src\traditional\delays\d10ktcyx.asm
                    D10Kx   0x000366    program     static C:\Program Files\Microchip\mplabc18\v3.37\src\traditional\delays\d10ktcyx.asm
                    D10_1   0x0003f6    program     static C:\Program Files\Microchip\mplabc18\v3.37\src\traditional\delays\d10tcyx.asm
                     D10x   0x0003ee    program     static C:\Program Files\Microchip\mplabc18\v3.37\src\traditional\delays\d10tcyx.asm
                    D1K_1   0x000396    program     static C:\Program Files\Microchip\mplabc18\v3.37\src\traditional\delays\d1ktcyx.asm
                     D1Kx   0x000394    program     static C:\Program Files\Microchip\mplabc18\v3.37\src\traditional\delays\d1ktcyx.asm
             Delay10KTCYx   0x00035c    program     extern C:\Program Files\Microchip\mplabc18\v3.37\src\traditional\delays\d10ktcyx.asm
              Delay10TCYx   0x0003e6    program     extern C:\Program Files\Microchip\mplabc18\v3.37\src\traditional\delays\d10tcyx.asm
              Delay1KTCYx   0x00038a    program     extern C:\Program Files\Microchip\mplabc18\v3.37\src\traditional\delays\d1ktcyx.asm
            DelayFor18TCY   0x0002de    program     extern C:\Users\Shmuma\Work\radio\PIC LCD-USB demo\Control\BaseC\base-lcd.c
             DelayPORXLCD   0x0002ea    program     extern C:\Users\Shmuma\Work\radio\PIC LCD-USB demo\Control\BaseC\base-lcd.c
                DelayXLCD   0x0002f6    program     extern C:\Users\Shmuma\Work\radio\PIC LCD-USB demo\Control\BaseC\base-lcd.c
                 OpenXLCD   0x000008    program     extern C:\Users\Shmuma\Work\radio\PIC LCD-USB demo\Control\BaseC\openxlcd.c
             SetDDRamAddr   0x0001e4    program     extern C:\Program Files\Microchip\mplabc18\v3.37\src\pmc_common\XLCD\setddram.c
             WriteCmdXLCD   0x00028c    program     extern C:\Program Files\Microchip\mplabc18\v3.37\src\pmc_common\XLCD\wcmdxlcd.c
            WriteDataXLCD   0x00023a    program     extern C:\Program Files\Microchip\mplabc18\v3.37\src\pmc_common\XLCD\writdata.c
       _D10KTCYXCODE_0010   0x00036c    program     static C:\Program Files\Microchip\mplabc18\v3.37\src\traditional\delays\d10ktcyx.asm
       _D10KTCYXCODE_001C   0x000378    program     static C:\Program Files\Microchip\mplabc18\v3.37\src\traditional\delays\d10ktcyx.asm
        _D10TCYXCODE_000A   0x0003f0    program     static C:\Program Files\Microchip\mplabc18\v3.37\src\traditional\delays\d10tcyx.asm
        _D10TCYXCODE_000C   0x0003f2    program     static C:\Program Files\Microchip\mplabc18\v3.37\src\traditional\delays\d10tcyx.asm
        _D10TCYXCODE_000E   0x0003f4    program     static C:\Program Files\Microchip\mplabc18\v3.37\src\traditional\delays\d10tcyx.asm
        _D1KTCYXCODE_0010   0x00039a    program     static C:\Program Files\Microchip\mplabc18\v3.37\src\traditional\delays\d1ktcyx.asm
        _D1KTCYXCODE_0016   0x0003a0    program     static C:\Program Files\Microchip\mplabc18\v3.37\src\traditional\delays\d1ktcyx.asm
       ___return_lbl00000   0x000004    program     static                          
       ___return_lbl00001   0x0003e4    program     static                          
       ___return_lbl00002   0x000182    program     static                          
               __config_0   0x300000    program     static C:\Users\Shmuma\Work\radio\PIC LCD-USB demo\Control\BaseC\base-lcd.c
               __config_1   0x300001    program     static C:\Users\Shmuma\Work\radio\PIC LCD-USB demo\Control\BaseC\base-lcd.c
               __config_2   0x300003    program     static C:\Users\Shmuma\Work\radio\PIC LCD-USB demo\Control\BaseC\base-lcd.c
               __config_3   0x300006    program     static C:\Users\Shmuma\Work\radio\PIC LCD-USB demo\Control\BaseC\base-lcd.c
                   __init   0x00040a    program     extern C:\Program Files\Microchip\mplabc18\v3.37\src\traditional\stdclib\__init.c
                   __pa_0   0x00022c    program     static C:\Program Files\Microchip\mplabc18\v3.37\src\pmc_common\XLCD\setddram.c
                   __pa_0   0x0002d0    program     static C:\Program Files\Microchip\mplabc18\v3.37\src\pmc_common\XLCD\wcmdxlcd.c
                   __pa_0   0x0001cc    program     static C:\Program Files\Microchip\mplabc18\v3.37\src\pmc_common\XLCD\putrxlcd.c
                   __pa_0   0x00027e    program     static C:\Program Files\Microchip\mplabc18\v3.37\src\pmc_common\XLCD\writdata.c
               __string_0   0x0003fc    program     static C:\Users\Shmuma\Work\radio\PIC LCD-USB demo\Control\BaseC\base-lcd.c
            __zero_memory   0x0003aa    program     extern C:\Program Files\Microchip\mplabc18\v3.37\src\traditional\proc\p18F2550.asm
                _do_cinit   0x0000e6    program     extern C:\Program Files\Microchip\mplabc18\v3.37\src\traditional\startup\c018i.c
                   _entry   0x000000    program     extern C:\Program Files\Microchip\mplabc18\v3.37\src\traditional\startup\c018i.c
                 _startup   0x0003ca    program     extern C:\Program Files\Microchip\mplabc18\v3.37\src\traditional\startup\c018i.c
                compare_l   0x0003c0    program     static C:\Program Files\Microchip\mplabc18\v3.37\src\traditional\proc\p18F2550.asm
                copy_loop   0x000158    program     static                          
            copy_one_byte   0x00015e    program     static                          
                     done   0x000182    program     static                          
             done_copying   0x00016c    program     static                          
                     loop   0x0003da    program     static                          
                   loop_h   0x0003b8    program     static C:\Program Files\Microchip\mplabc18\v3.37\src\traditional\proc\p18F2550.asm
                   loop_l   0x0003c2    program     static C:\Program Files\Microchip\mplabc18\v3.37\src\traditional\proc\p18F2550.asm
                     main   0x000302    program     extern C:\Users\Shmuma\Work\radio\PIC LCD-USB demo\Control\BaseC\base-lcd.c
                putrsXLCD   0x000184    program     extern C:\Program Files\Microchip\mplabc18\v3.37\src\pmc_common\XLCD\putrxlcd.c
                     test   0x000100    program     static                          
               zero_block   0x0003b8    program     static C:\Program Files\Microchip\mplabc18\v3.37\src\traditional\proc\p18F2550.asm
                   ADCON0   0x000fc2       data     extern C:\Program Files\Microchip\mplabc18\v3.37\src\traditional\proc\p18F2550.asm
               ADCON0bits   0x000fc2       data     extern C:\Program Files\Microchip\mplabc18\v3.37\src\traditional\proc\p18F2550.asm
                   ADCON1   0x000fc1       data     extern C:\Program Files\Microchip\mplabc18\v3.37\src\traditional\proc\p18F2550.asm
               ADCON1bits   0x000fc1       data     extern C:\Program Files\Microchip\mplabc18\v3.37\src\traditional\proc\p18F2550.asm
                   ADCON2   0x000fc0       data     extern C:\Program Files\Microchip\mplabc18\v3.37\src\traditional\proc\p18F2550.asm
               ADCON2bits   0x000fc0       data     extern C:\Program Files\Microchip\mplabc18\v3.37\src\traditional\proc\p18F2550.asm
                    ADRES   0x000fc3       data     extern C:\Program Files\Microchip\mplabc18\v3.37\src\traditional\proc\p18F2550.asm
                   ADRESH   0x000fc4       data     extern C:\Program Files\Microchip\mplabc18\v3.37\src\traditional\proc\p18F2550.asm
                   ADRESL   0x000fc3       data     extern C:\Program Files\Microchip\mplabc18\v3.37\src\traditional\proc\p18F2550.asm
                  BAUDCON   0x000fb8       data     extern C:\Program Files\Microchip\mplabc18\v3.37\src\traditional\proc\p18F2550.asm
              BAUDCONbits   0x000fb8       data     extern C:\Program Files\Microchip\mplabc18\v3.37\src\traditional\proc\p18F2550.asm
                  BAUDCTL   0x000fb8       data     extern C:\Program Files\Microchip\mplabc18\v3.37\src\traditional\proc\p18F2550.asm
              BAUDCTLbits   0x000fb8       data     extern C:\Program Files\Microchip\mplabc18\v3.37\src\traditional\proc\p18F2550.asm
                      BSR   0x000fe0       data     extern C:\Program Files\Microchip\mplabc18\v3.37\src\traditional\proc\p18F2550.asm
                   CCP1AS   0x000fb6       data     extern C:\Program Files\Microchip\mplabc18\v3.37\src\traditional\proc\p18F2550.asm
               CCP1ASbits   0x000fb6       data     extern C:\Program Files\Microchip\mplabc18\v3.37\src\traditional\proc\p18F2550.asm
                  CCP1CON   0x000fbd       data     extern C:\Program Files\Microchip\mplabc18\v3.37\src\traditional\proc\p18F2550.asm
              CCP1CONbits   0x000fbd       data     extern C:\Program Files\Microchip\mplabc18\v3.37\src\traditional\proc\p18F2550.asm
                  CCP1DEL   0x000fb7       data     extern C:\Program Files\Microchip\mplabc18\v3.37\src\traditional\proc\p18F2550.asm
              CCP1DELbits   0x000fb7       data     extern C:\Program Files\Microchip\mplabc18\v3.37\src\traditional\proc\p18F2550.asm
                  CCP2CON   0x000fba       data     extern C:\Program Files\Microchip\mplabc18\v3.37\src\traditional\proc\p18F2550.asm
              CCP2CONbits   0x000fba       data     extern C:\Program Files\Microchip\mplabc18\v3.37\src\traditional\proc\p18F2550.asm
                    CCPR1   0x000fbe       data     extern C:\Program Files\Microchip\mplabc18\v3.37\src\traditional\proc\p18F2550.asm
                   CCPR1H   0x000fbf       data     extern C:\Program Files\Microchip\mplabc18\v3.37\src\traditional\proc\p18F2550.asm
                   CCPR1L   0x000fbe       data     extern C:\Program Files\Microchip\mplabc18\v3.37\src\traditional\proc\p18F2550.asm
                    CCPR2   0x000fbb       data     extern C:\Program Files\Microchip\mplabc18\v3.37\src\traditional\proc\p18F2550.asm
                   CCPR2H   0x000fbc       data     extern C:\Program Files\Microchip\mplabc18\v3.37\src\traditional\proc\p18F2550.asm
                   CCPR2L   0x000fbb       data     extern C:\Program Files\Microchip\mplabc18\v3.37\src\traditional\proc\p18F2550.asm
                    CMCON   0x000fb4       data     extern C:\Program Files\Microchip\mplabc18\v3.37\src\traditional\proc\p18F2550.asm
                CMCONbits   0x000fb4       data     extern C:\Program Files\Microchip\mplabc18\v3.37\src\traditional\proc\p18F2550.asm
                   CVRCON   0x000fb5       data     extern C:\Program Files\Microchip\mplabc18\v3.37\src\traditional\proc\p18F2550.asm
               CVRCONbits   0x000fb5       data     extern C:\Program Files\Microchip\mplabc18\v3.37\src\traditional\proc\p18F2550.asm
                     DDRA   0x000f92       data     extern C:\Program Files\Microchip\mplabc18\v3.37\src\traditional\proc\p18F2550.asm
                 DDRAbits   0x000f92       data     extern C:\Program Files\Microchip\mplabc18\v3.37\src\traditional\proc\p18F2550.asm
                     DDRB   0x000f93       data     extern C:\Program Files\Microchip\mplabc18\v3.37\src\traditional\proc\p18F2550.asm
                 DDRBbits   0x000f93       data     extern C:\Program Files\Microchip\mplabc18\v3.37\src\traditional\proc\p18F2550.asm
                     DDRC   0x000f94       data     extern C:\Program Files\Microchip\mplabc18\v3.37\src\traditional\proc\p18F2550.asm
                 DDRCbits   0x000f94       data     extern C:\Program Files\Microchip\mplabc18\v3.37\src\traditional\proc\p18F2550.asm
            DelayCounter1   0x000003       data     extern C:\Program Files\Microchip\mplabc18\v3.37\src\traditional\delays\delayd1.asm
            DelayCounter2   0x000002       data     extern C:\Program Files\Microchip\mplabc18\v3.37\src\traditional\delays\delayd2.asm
                  ECCP1AS   0x000fb6       data     extern C:\Program Files\Microchip\mplabc18\v3.37\src\traditional\proc\p18F2550.asm
              ECCP1ASbits   0x000fb6       data     extern C:\Program Files\Microchip\mplabc18\v3.37\src\traditional\proc\p18F2550.asm
                 ECCP1DEL   0x000fb7       data     extern C:\Program Files\Microchip\mplabc18\v3.37\src\traditional\proc\p18F2550.asm
             ECCP1DELbits   0x000fb7       data     extern C:\Program Files\Microchip\mplabc18\v3.37\src\traditional\proc\p18F2550.asm
                    EEADR   0x000fa9       data     extern C:\Program Files\Microchip\mplabc18\v3.37\src\traditional\proc\p18F2550.asm
                   EECON1   0x000fa6       data     extern C:\Program Files\Microchip\mplabc18\v3.37\src\traditional\proc\p18F2550.asm
               EECON1bits   0x000fa6       data     extern C:\Program Files\Microchip\mplabc18\v3.37\src\traditional\proc\p18F2550.asm
                   EECON2   0x000fa7       data     extern C:\Program Files\Microchip\mplabc18\v3.37\src\traditional\proc\p18F2550.asm
                   EEDATA   0x000fa8       data     extern C:\Program Files\Microchip\mplabc18\v3.37\src\traditional\proc\p18F2550.asm
                     FSR0   0x000fe9       data     extern C:\Program Files\Microchip\mplabc18\v3.37\src\traditional\proc\p18F2550.asm
                    FSR0H   0x000fea       data     extern C:\Program Files\Microchip\mplabc18\v3.37\src\traditional\proc\p18F2550.asm
                    FSR0L   0x000fe9       data     extern C:\Program Files\Microchip\mplabc18\v3.37\src\traditional\proc\p18F2550.asm
                     FSR1   0x000fe1       data     extern C:\Program Files\Microchip\mplabc18\v3.37\src\traditional\proc\p18F2550.asm
                    FSR1H   0x000fe2       data     extern C:\Program Files\Microchip\mplabc18\v3.37\src\traditional\proc\p18F2550.asm
                    FSR1L   0x000fe1       data     extern C:\Program Files\Microchip\mplabc18\v3.37\src\traditional\proc\p18F2550.asm
                     FSR2   0x000fd9       data     extern C:\Program Files\Microchip\mplabc18\v3.37\src\traditional\proc\p18F2550.asm
                    FSR2H   0x000fda       data     extern C:\Program Files\Microchip\mplabc18\v3.37\src\traditional\proc\p18F2550.asm
                    FSR2L   0x000fd9       data     extern C:\Program Files\Microchip\mplabc18\v3.37\src\traditional\proc\p18F2550.asm
                  HLVDCON   0x000fd2       data     extern C:\Program Files\Microchip\mplabc18\v3.37\src\traditional\proc\p18F2550.asm
              HLVDCONbits   0x000fd2       data     extern C:\Program Files\Microchip\mplabc18\v3.37\src\traditional\proc\p18F2550.asm
                    INDF0   0x000fef       data     extern C:\Program Files\Microchip\mplabc18\v3.37\src\traditional\proc\p18F2550.asm
                    INDF1   0x000fe7       data     extern C:\Program Files\Microchip\mplabc18\v3.37\src\traditional\proc\p18F2550.asm
                    INDF2   0x000fdf       data     extern C:\Program Files\Microchip\mplabc18\v3.37\src\traditional\proc\p18F2550.asm
                   INTCON   0x000ff2       data     extern C:\Program Files\Microchip\mplabc18\v3.37\src\traditional\proc\p18F2550.asm
                  INTCON2   0x000ff1       data     extern C:\Program Files\Microchip\mplabc18\v3.37\src\traditional\proc\p18F2550.asm
              INTCON2bits   0x000ff1       data     extern C:\Program Files\Microchip\mplabc18\v3.37\src\traditional\proc\p18F2550.asm
                  INTCON3   0x000ff0       data     extern C:\Program Files\Microchip\mplabc18\v3.37\src\traditional\proc\p18F2550.asm
              INTCON3bits   0x000ff0       data     extern C:\Program Files\Microchip\mplabc18\v3.37\src\traditional\proc\p18F2550.asm
               INTCONbits   0x000ff2       data     extern C:\Program Files\Microchip\mplabc18\v3.37\src\traditional\proc\p18F2550.asm
                     IPR1   0x000f9f       data     extern C:\Program Files\Microchip\mplabc18\v3.37\src\traditional\proc\p18F2550.asm
                 IPR1bits   0x000f9f       data     extern C:\Program Files\Microchip\mplabc18\v3.37\src\traditional\proc\p18F2550.asm
                     IPR2   0x000fa2       data     extern C:\Program Files\Microchip\mplabc18\v3.37\src\traditional\proc\p18F2550.asm
                 IPR2bits   0x000fa2       data     extern C:\Program Files\Microchip\mplabc18\v3.37\src\traditional\proc\p18F2550.asm
                     LATA   0x000f89       data     extern C:\Program Files\Microchip\mplabc18\v3.37\src\traditional\proc\p18F2550.asm
                 LATAbits   0x000f89       data     extern C:\Program Files\Microchip\mplabc18\v3.37\src\traditional\proc\p18F2550.asm
                     LATB   0x000f8a       data     extern C:\Program Files\Microchip\mplabc18\v3.37\src\traditional\proc\p18F2550.asm
                 LATBbits   0x000f8a       data     extern C:\Program Files\Microchip\mplabc18\v3.37\src\traditional\proc\p18F2550.asm
                     LATC   0x000f8b       data     extern C:\Program Files\Microchip\mplabc18\v3.37\src\traditional\proc\p18F2550.asm
                 LATCbits   0x000f8b       data     extern C:\Program Files\Microchip\mplabc18\v3.37\src\traditional\proc\p18F2550.asm
                   LVDCON   0x000fd2       data     extern C:\Program Files\Microchip\mplabc18\v3.37\src\traditional\proc\p18F2550.asm
               LVDCONbits   0x000fd2       data     extern C:\Program Files\Microchip\mplabc18\v3.37\src\traditional\proc\p18F2550.asm
                   OSCCON   0x000fd3       data     extern C:\Program Files\Microchip\mplabc18\v3.37\src\traditional\proc\p18F2550.asm
               OSCCONbits   0x000fd3       data     extern C:\Program Files\Microchip\mplabc18\v3.37\src\traditional\proc\p18F2550.asm
                  OSCTUNE   0x000f9b       data     extern C:\Program Files\Microchip\mplabc18\v3.37\src\traditional\proc\p18F2550.asm
              OSCTUNEbits   0x000f9b       data     extern C:\Program Files\Microchip\mplabc18\v3.37\src\traditional\proc\p18F2550.asm
                       PC   0x000ff9       data     extern C:\Program Files\Microchip\mplabc18\v3.37\src\traditional\proc\p18F2550.asm
                      PCL   0x000ff9       data     extern C:\Program Files\Microchip\mplabc18\v3.37\src\traditional\proc\p18F2550.asm
                   PCLATH   0x000ffa       data     extern C:\Program Files\Microchip\mplabc18\v3.37\src\traditional\proc\p18F2550.asm
                   PCLATU   0x000ffb       data     extern C:\Program Files\Microchip\mplabc18\v3.37\src\traditional\proc\p18F2550.asm
                     PIE1   0x000f9d       data     extern C:\Program Files\Microchip\mplabc18\v3.37\src\traditional\proc\p18F2550.asm
                 PIE1bits   0x000f9d       data     extern C:\Program Files\Microchip\mplabc18\v3.37\src\traditional\proc\p18F2550.asm
                     PIE2   0x000fa0       data     extern C:\Program Files\Microchip\mplabc18\v3.37\src\traditional\proc\p18F2550.asm
                 PIE2bits   0x000fa0       data     extern C:\Program Files\Microchip\mplabc18\v3.37\src\traditional\proc\p18F2550.asm
                     PIR1   0x000f9e       data     extern C:\Program Files\Microchip\mplabc18\v3.37\src\traditional\proc\p18F2550.asm
                 PIR1bits   0x000f9e       data     extern C:\Program Files\Microchip\mplabc18\v3.37\src\traditional\proc\p18F2550.asm
                     PIR2   0x000fa1       data     extern C:\Program Files\Microchip\mplabc18\v3.37\src\traditional\proc\p18F2550.asm
                 PIR2bits   0x000fa1       data     extern C:\Program Files\Microchip\mplabc18\v3.37\src\traditional\proc\p18F2550.asm
                   PLUSW0   0x000feb       data     extern C:\Program Files\Microchip\mplabc18\v3.37\src\traditional\proc\p18F2550.asm
                   PLUSW1   0x000fe3       data     extern C:\Program Files\Microchip\mplabc18\v3.37\src\traditional\proc\p18F2550.asm
                   PLUSW2   0x000fdb       data     extern C:\Program Files\Microchip\mplabc18\v3.37\src\traditional\proc\p18F2550.asm
                    PORTA   0x000f80       data     extern C:\Program Files\Microchip\mplabc18\v3.37\src\traditional\proc\p18F2550.asm
                PORTAbits   0x000f80       data     extern C:\Program Files\Microchip\mplabc18\v3.37\src\traditional\proc\p18F2550.asm
                    PORTB   0x000f81       data     extern C:\Program Files\Microchip\mplabc18\v3.37\src\traditional\proc\p18F2550.asm
                PORTBbits   0x000f81       data     extern C:\Program Files\Microchip\mplabc18\v3.37\src\traditional\proc\p18F2550.asm
                    PORTC   0x000f82       data     extern C:\Program Files\Microchip\mplabc18\v3.37\src\traditional\proc\p18F2550.asm
                PORTCbits   0x000f82       data     extern C:\Program Files\Microchip\mplabc18\v3.37\src\traditional\proc\p18F2550.asm
                    PORTE   0x000f84       data     extern C:\Program Files\Microchip\mplabc18\v3.37\src\traditional\proc\p18F2550.asm
                PORTEbits   0x000f84       data     extern C:\Program Files\Microchip\mplabc18\v3.37\src\traditional\proc\p18F2550.asm
                 POSTDEC0   0x000fed       data     extern C:\Program Files\Microchip\mplabc18\v3.37\src\traditional\proc\p18F2550.asm
                 POSTDEC1   0x000fe5       data     extern C:\Program Files\Microchip\mplabc18\v3.37\src\traditional\proc\p18F2550.asm
                 POSTDEC2   0x000fdd       data     extern C:\Program Files\Microchip\mplabc18\v3.37\src\traditional\proc\p18F2550.asm
                 POSTINC0   0x000fee       data     extern C:\Program Files\Microchip\mplabc18\v3.37\src\traditional\proc\p18F2550.asm
                 POSTINC1   0x000fe6       data     extern C:\Program Files\Microchip\mplabc18\v3.37\src\traditional\proc\p18F2550.asm
                 POSTINC2   0x000fde       data     extern C:\Program Files\Microchip\mplabc18\v3.37\src\traditional\proc\p18F2550.asm
                      PR2   0x000fcb       data     extern C:\Program Files\Microchip\mplabc18\v3.37\src\traditional\proc\p18F2550.asm
                  PREINC0   0x000fec       data     extern C:\Program Files\Microchip\mplabc18\v3.37\src\traditional\proc\p18F2550.asm
                  PREINC1   0x000fe4       data     extern C:\Program Files\Microchip\mplabc18\v3.37\src\traditional\proc\p18F2550.asm
                  PREINC2   0x000fdc       data     extern C:\Program Files\Microchip\mplabc18\v3.37\src\traditional\proc\p18F2550.asm
                     PROD   0x000ff3       data     extern C:\Program Files\Microchip\mplabc18\v3.37\src\traditional\proc\p18F2550.asm
                    PRODH   0x000ff4       data     extern C:\Program Files\Microchip\mplabc18\v3.37\src\traditional\proc\p18F2550.asm
                    PRODL   0x000ff3       data     extern C:\Program Files\Microchip\mplabc18\v3.37\src\traditional\proc\p18F2550.asm
                     RCON   0x000fd0       data     extern C:\Program Files\Microchip\mplabc18\v3.37\src\traditional\proc\p18F2550.asm
                 RCONbits   0x000fd0       data     extern C:\Program Files\Microchip\mplabc18\v3.37\src\traditional\proc\p18F2550.asm
                    RCREG   0x000fae       data     extern C:\Program Files\Microchip\mplabc18\v3.37\src\traditional\proc\p18F2550.asm
                    RCSTA   0x000fab       data     extern C:\Program Files\Microchip\mplabc18\v3.37\src\traditional\proc\p18F2550.asm
                RCSTAbits   0x000fab       data     extern C:\Program Files\Microchip\mplabc18\v3.37\src\traditional\proc\p18F2550.asm
                     SIGN   0x000000       data     extern C:\Program Files\Microchip\mplabc18\v3.37\src\traditional\math\cmath18.asm
                    SPBRG   0x000faf       data     extern C:\Program Files\Microchip\mplabc18\v3.37\src\traditional\proc\p18F2550.asm
                   SPBRGH   0x000fb0       data     extern C:\Program Files\Microchip\mplabc18\v3.37\src\traditional\proc\p18F2550.asm
                   SSPADD   0x000fc8       data     extern C:\Program Files\Microchip\mplabc18\v3.37\src\traditional\proc\p18F2550.asm
                   SSPBUF   0x000fc9       data     extern C:\Program Files\Microchip\mplabc18\v3.37\src\traditional\proc\p18F2550.asm
                  SSPCON1   0x000fc6       data     extern C:\Program Files\Microchip\mplabc18\v3.37\src\traditional\proc\p18F2550.asm
              SSPCON1bits   0x000fc6       data     extern C:\Program Files\Microchip\mplabc18\v3.37\src\traditional\proc\p18F2550.asm
                  SSPCON2   0x000fc5       data     extern C:\Program Files\Microchip\mplabc18\v3.37\src\traditional\proc\p18F2550.asm
              SSPCON2bits   0x000fc5       data     extern C:\Program Files\Microchip\mplabc18\v3.37\src\traditional\proc\p18F2550.asm
                  SSPSTAT   0x000fc7       data     extern C:\Program Files\Microchip\mplabc18\v3.37\src\traditional\proc\p18F2550.asm
              SSPSTATbits   0x000fc7       data     extern C:\Program Files\Microchip\mplabc18\v3.37\src\traditional\proc\p18F2550.asm
                   STATUS   0x000fd8       data     extern C:\Program Files\Microchip\mplabc18\v3.37\src\traditional\proc\p18F2550.asm
               STATUSbits   0x000fd8       data     extern C:\Program Files\Microchip\mplabc18\v3.37\src\traditional\proc\p18F2550.asm
                   STKPTR   0x000ffc       data     extern C:\Program Files\Microchip\mplabc18\v3.37\src\traditional\proc\p18F2550.asm
               STKPTRbits   0x000ffc       data     extern C:\Program Files\Microchip\mplabc18\v3.37\src\traditional\proc\p18F2550.asm
                    T0CON   0x000fd5       data     extern C:\Program Files\Microchip\mplabc18\v3.37\src\traditional\proc\p18F2550.asm
                T0CONbits   0x000fd5       data     extern C:\Program Files\Microchip\mplabc18\v3.37\src\traditional\proc\p18F2550.asm
                    T1CON   0x000fcd       data     extern C:\Program Files\Microchip\mplabc18\v3.37\src\traditional\proc\p18F2550.asm
                T1CONbits   0x000fcd       data     extern C:\Program Files\Microchip\mplabc18\v3.37\src\traditional\proc\p18F2550.asm
                    T2CON   0x000fca       data     extern C:\Program Files\Microchip\mplabc18\v3.37\src\traditional\proc\p18F2550.asm
                T2CONbits   0x000fca       data     extern C:\Program Files\Microchip\mplabc18\v3.37\src\traditional\proc\p18F2550.asm
                    T3CON   0x000fb1       data     extern C:\Program Files\Microchip\mplabc18\v3.37\src\traditional\proc\p18F2550.asm
                T3CONbits   0x000fb1       data     extern C:\Program Files\Microchip\mplabc18\v3.37\src\traditional\proc\p18F2550.asm
                   TABLAT   0x000ff5       data     extern C:\Program Files\Microchip\mplabc18\v3.37\src\traditional\proc\p18F2550.asm
                   TBLPTR   0x000ff6       data     extern C:\Program Files\Microchip\mplabc18\v3.37\src\traditional\proc\p18F2550.asm
                  TBLPTRH   0x000ff7       data     extern C:\Program Files\Microchip\mplabc18\v3.37\src\traditional\proc\p18F2550.asm
                  TBLPTRL   0x000ff6       data     extern C:\Program Files\Microchip\mplabc18\v3.37\src\traditional\proc\p18F2550.asm
                  TBLPTRU   0x000ff8       data     extern C:\Program Files\Microchip\mplabc18\v3.37\src\traditional\proc\p18F2550.asm
                    TMR0H   0x000fd7       data     extern C:\Program Files\Microchip\mplabc18\v3.37\src\traditional\proc\p18F2550.asm
                    TMR0L   0x000fd6       data     extern C:\Program Files\Microchip\mplabc18\v3.37\src\traditional\proc\p18F2550.asm
                    TMR1H   0x000fcf       data     extern C:\Program Files\Microchip\mplabc18\v3.37\src\traditional\proc\p18F2550.asm
                    TMR1L   0x000fce       data     extern C:\Program Files\Microchip\mplabc18\v3.37\src\traditional\proc\p18F2550.asm
                     TMR2   0x000fcc       data     extern C:\Program Files\Microchip\mplabc18\v3.37\src\traditional\proc\p18F2550.asm
                    TMR3H   0x000fb3       data     extern C:\Program Files\Microchip\mplabc18\v3.37\src\traditional\proc\p18F2550.asm
                    TMR3L   0x000fb2       data     extern C:\Program Files\Microchip\mplabc18\v3.37\src\traditional\proc\p18F2550.asm
                      TOS   0x000ffd       data     extern C:\Program Files\Microchip\mplabc18\v3.37\src\traditional\proc\p18F2550.asm
                     TOSH   0x000ffe       data     extern C:\Program Files\Microchip\mplabc18\v3.37\src\traditional\proc\p18F2550.asm
                     TOSL   0x000ffd       data     extern C:\Program Files\Microchip\mplabc18\v3.37\src\traditional\proc\p18F2550.asm
                     TOSU   0x000fff       data     extern C:\Program Files\Microchip\mplabc18\v3.37\src\traditional\proc\p18F2550.asm
                    TRISA   0x000f92       data     extern C:\Program Files\Microchip\mplabc18\v3.37\src\traditional\proc\p18F2550.asm
                TRISAbits   0x000f92       data     extern C:\Program Files\Microchip\mplabc18\v3.37\src\traditional\proc\p18F2550.asm
                    TRISB   0x000f93       data     extern C:\Program Files\Microchip\mplabc18\v3.37\src\traditional\proc\p18F2550.asm
                TRISBbits   0x000f93       data     extern C:\Program Files\Microchip\mplabc18\v3.37\src\traditional\proc\p18F2550.asm
                    TRISC   0x000f94       data     extern C:\Program Files\Microchip\mplabc18\v3.37\src\traditional\proc\p18F2550.asm
                TRISCbits   0x000f94       data     extern C:\Program Files\Microchip\mplabc18\v3.37\src\traditional\proc\p18F2550.asm
                    TXREG   0x000fad       data     extern C:\Program Files\Microchip\mplabc18\v3.37\src\traditional\proc\p18F2550.asm
                    TXSTA   0x000fac       data     extern C:\Program Files\Microchip\mplabc18\v3.37\src\traditional\proc\p18F2550.asm
                TXSTAbits   0x000fac       data     extern C:\Program Files\Microchip\mplabc18\v3.37\src\traditional\proc\p18F2550.asm
                    UADDR   0x000f6e       data     extern C:\Program Files\Microchip\mplabc18\v3.37\src\traditional\proc\p18F2550.asm
                UADDRbits   0x000f6e       data     extern C:\Program Files\Microchip\mplabc18\v3.37\src\traditional\proc\p18F2550.asm
                     UCFG   0x000f6f       data     extern C:\Program Files\Microchip\mplabc18\v3.37\src\traditional\proc\p18F2550.asm
                 UCFGbits   0x000f6f       data     extern C:\Program Files\Microchip\mplabc18\v3.37\src\traditional\proc\p18F2550.asm
                     UCON   0x000f6d       data     extern C:\Program Files\Microchip\mplabc18\v3.37\src\traditional\proc\p18F2550.asm
                 UCONbits   0x000f6d       data     extern C:\Program Files\Microchip\mplabc18\v3.37\src\traditional\proc\p18F2550.asm
                     UEIE   0x000f6b       data     extern C:\Program Files\Microchip\mplabc18\v3.37\src\traditional\proc\p18F2550.asm
                 UEIEbits   0x000f6b       data     extern C:\Program Files\Microchip\mplabc18\v3.37\src\traditional\proc\p18F2550.asm
                     UEIR   0x000f6a       data     extern C:\Program Files\Microchip\mplabc18\v3.37\src\traditional\proc\p18F2550.asm
                 UEIRbits   0x000f6a       data     extern C:\Program Files\Microchip\mplabc18\v3.37\src\traditional\proc\p18F2550.asm
                     UEP0   0x000f70       data     extern C:\Program Files\Microchip\mplabc18\v3.37\src\traditional\proc\p18F2550.asm
                 UEP0bits   0x000f70       data     extern C:\Program Files\Microchip\mplabc18\v3.37\src\traditional\proc\p18F2550.asm
                     UEP1   0x000f71       data     extern C:\Program Files\Microchip\mplabc18\v3.37\src\traditional\proc\p18F2550.asm
                    UEP10   0x000f7a       data     extern C:\Program Files\Microchip\mplabc18\v3.37\src\traditional\proc\p18F2550.asm
                UEP10bits   0x000f7a       data     extern C:\Program Files\Microchip\mplabc18\v3.37\src\traditional\proc\p18F2550.asm
                    UEP11   0x000f7b       data     extern C:\Program Files\Microchip\mplabc18\v3.37\src\traditional\proc\p18F2550.asm
                UEP11bits   0x000f7b       data     extern C:\Program Files\Microchip\mplabc18\v3.37\src\traditional\proc\p18F2550.asm
                    UEP12   0x000f7c       data     extern C:\Program Files\Microchip\mplabc18\v3.37\src\traditional\proc\p18F2550.asm
                UEP12bits   0x000f7c       data     extern C:\Program Files\Microchip\mplabc18\v3.37\src\traditional\proc\p18F2550.asm
                    UEP13   0x000f7d       data     extern C:\Program Files\Microchip\mplabc18\v3.37\src\traditional\proc\p18F2550.asm
                UEP13bits   0x000f7d       data     extern C:\Program Files\Microchip\mplabc18\v3.37\src\traditional\proc\p18F2550.asm
                    UEP14   0x000f7e       data     extern C:\Program Files\Microchip\mplabc18\v3.37\src\traditional\proc\p18F2550.asm
                UEP14bits   0x000f7e       data     extern C:\Program Files\Microchip\mplabc18\v3.37\src\traditional\proc\p18F2550.asm
                    UEP15   0x000f7f       data     extern C:\Program Files\Microchip\mplabc18\v3.37\src\traditional\proc\p18F2550.asm
                UEP15bits   0x000f7f       data     extern C:\Program Files\Microchip\mplabc18\v3.37\src\traditional\proc\p18F2550.asm
                 UEP1bits   0x000f71       data     extern C:\Program Files\Microchip\mplabc18\v3.37\src\traditional\proc\p18F2550.asm
                     UEP2   0x000f72       data     extern C:\Program Files\Microchip\mplabc18\v3.37\src\traditional\proc\p18F2550.asm
                 UEP2bits   0x000f72       data     extern C:\Program Files\Microchip\mplabc18\v3.37\src\traditional\proc\p18F2550.asm
                     UEP3   0x000f73       data     extern C:\Program Files\Microchip\mplabc18\v3.37\src\traditional\proc\p18F2550.asm
                 UEP3bits   0x000f73       data     extern C:\Program Files\Microchip\mplabc18\v3.37\src\traditional\proc\p18F2550.asm
                     UEP4   0x000f74       data     extern C:\Program Files\Microchip\mplabc18\v3.37\src\traditional\proc\p18F2550.asm
                 UEP4bits   0x000f74       data     extern C:\Program Files\Microchip\mplabc18\v3.37\src\traditional\proc\p18F2550.asm
                     UEP5   0x000f75       data     extern C:\Program Files\Microchip\mplabc18\v3.37\src\traditional\proc\p18F2550.asm
                 UEP5bits   0x000f75       data     extern C:\Program Files\Microchip\mplabc18\v3.37\src\traditional\proc\p18F2550.asm
                     UEP6   0x000f76       data     extern C:\Program Files\Microchip\mplabc18\v3.37\src\traditional\proc\p18F2550.asm
                 UEP6bits   0x000f76       data     extern C:\Program Files\Microchip\mplabc18\v3.37\src\traditional\proc\p18F2550.asm
                     UEP7   0x000f77       data     extern C:\Program Files\Microchip\mplabc18\v3.37\src\traditional\proc\p18F2550.asm
                 UEP7bits   0x000f77       data     extern C:\Program Files\Microchip\mplabc18\v3.37\src\traditional\proc\p18F2550.asm
                     UEP8   0x000f78       data     extern C:\Program Files\Microchip\mplabc18\v3.37\src\traditional\proc\p18F2550.asm
                 UEP8bits   0x000f78       data     extern C:\Program Files\Microchip\mplabc18\v3.37\src\traditional\proc\p18F2550.asm
                     UEP9   0x000f79       data     extern C:\Program Files\Microchip\mplabc18\v3.37\src\traditional\proc\p18F2550.asm
                 UEP9bits   0x000f79       data     extern C:\Program Files\Microchip\mplabc18\v3.37\src\traditional\proc\p18F2550.asm
                     UFRM   0x000f66       data     extern C:\Program Files\Microchip\mplabc18\v3.37\src\traditional\proc\p18F2550.asm
                    UFRMH   0x000f67       data     extern C:\Program Files\Microchip\mplabc18\v3.37\src\traditional\proc\p18F2550.asm
                UFRMHbits   0x000f67       data     extern C:\Program Files\Microchip\mplabc18\v3.37\src\traditional\proc\p18F2550.asm
                    UFRML   0x000f66       data     extern C:\Program Files\Microchip\mplabc18\v3.37\src\traditional\proc\p18F2550.asm
                UFRMLbits   0x000f66       data     extern C:\Program Files\Microchip\mplabc18\v3.37\src\traditional\proc\p18F2550.asm
                      UIE   0x000f69       data     extern C:\Program Files\Microchip\mplabc18\v3.37\src\traditional\proc\p18F2550.asm
                  UIEbits   0x000f69       data     extern C:\Program Files\Microchip\mplabc18\v3.37\src\traditional\proc\p18F2550.asm
                      UIR   0x000f68       data     extern C:\Program Files\Microchip\mplabc18\v3.37\src\traditional\proc\p18F2550.asm
                  UIRbits   0x000f68       data     extern C:\Program Files\Microchip\mplabc18\v3.37\src\traditional\proc\p18F2550.asm
                    USTAT   0x000f6c       data     extern C:\Program Files\Microchip\mplabc18\v3.37\src\traditional\proc\p18F2550.asm
                USTATbits   0x000f6c       data     extern C:\Program Files\Microchip\mplabc18\v3.37\src\traditional\proc\p18F2550.asm
                   WDTCON   0x000fd1       data     extern C:\Program Files\Microchip\mplabc18\v3.37\src\traditional\proc\p18F2550.asm
               WDTCONbits   0x000fd1       data     extern C:\Program Files\Microchip\mplabc18\v3.37\src\traditional\proc\p18F2550.asm
                     WREG   0x000fe8       data     extern C:\Program Files\Microchip\mplabc18\v3.37\src\traditional\proc\p18F2550.asm
                __FPFLAGS   0x000001       data     extern C:\Program Files\Microchip\mplabc18\v3.37\src\traditional\math\cmath18.asm
            __FPFLAGSbits   0x000001       data     extern C:\Program Files\Microchip\mplabc18\v3.37\src\traditional\math\cmath18.asm
                curr_byte   0x000063       data     static C:\Program Files\Microchip\mplabc18\v3.37\src\traditional\startup\c018i.c
               curr_entry   0x000065       data     static C:\Program Files\Microchip\mplabc18\v3.37\src\traditional\startup\c018i.c
                 data_ptr   0x000067       data     static C:\Program Files\Microchip\mplabc18\v3.37\src\traditional\startup\c018i.c
                     prom   0x000060       data     static C:\Program Files\Microchip\mplabc18\v3.37\src\traditional\startup\c018i.c



                              Symbols - Sorted by Address
                     Name    Address   Location    Storage File                     
                ---------  ---------  ---------  --------- ---------                
                   _entry   0x000000    program     extern C:\Program Files\Microchip\mplabc18\v3.37\src\traditional\startup\c018i.c
       ___return_lbl00000   0x000004    program     static                          
                 OpenXLCD   0x000008    program     extern C:\Users\Shmuma\Work\radio\PIC LCD-USB demo\Control\BaseC\openxlcd.c
                _do_cinit   0x0000e6    program     extern C:\Program Files\Microchip\mplabc18\v3.37\src\traditional\startup\c018i.c
                     test   0x000100    program     static                          
                copy_loop   0x000158    program     static                          
            copy_one_byte   0x00015e    program     static                          
             done_copying   0x00016c    program     static                          
       ___return_lbl00002   0x000182    program     static                          
                     done   0x000182    program     static                          
                putrsXLCD   0x000184    program     extern C:\Program Files\Microchip\mplabc18\v3.37\src\pmc_common\XLCD\putrxlcd.c
                   __pa_0   0x0001cc    program     static C:\Program Files\Microchip\mplabc18\v3.37\src\pmc_common\XLCD\putrxlcd.c
             SetDDRamAddr   0x0001e4    program     extern C:\Program Files\Microchip\mplabc18\v3.37\src\pmc_common\XLCD\setddram.c
                   __pa_0   0x00022c    program     static C:\Program Files\Microchip\mplabc18\v3.37\src\pmc_common\XLCD\setddram.c
            WriteDataXLCD   0x00023a    program     extern C:\Program Files\Microchip\mplabc18\v3.37\src\pmc_common\XLCD\writdata.c
                   __pa_0   0x00027e    program     static C:\Program Files\Microchip\mplabc18\v3.37\src\pmc_common\XLCD\writdata.c
             WriteCmdXLCD   0x00028c    program     extern C:\Program Files\Microchip\mplabc18\v3.37\src\pmc_common\XLCD\wcmdxlcd.c
                   __pa_0   0x0002d0    program     static C:\Program Files\Microchip\mplabc18\v3.37\src\pmc_common\XLCD\wcmdxlcd.c
            DelayFor18TCY   0x0002de    program     extern C:\Users\Shmuma\Work\radio\PIC LCD-USB demo\Control\BaseC\base-lcd.c
             DelayPORXLCD   0x0002ea    program     extern C:\Users\Shmuma\Work\radio\PIC LCD-USB demo\Control\BaseC\base-lcd.c
                DelayXLCD   0x0002f6    program     extern C:\Users\Shmuma\Work\radio\PIC LCD-USB demo\Control\BaseC\base-lcd.c
                     main   0x000302    program     extern C:\Users\Shmuma\Work\radio\PIC LCD-USB demo\Control\BaseC\base-lcd.c
                 BusyXLCD   0x00031e    program     extern C:\Users\Shmuma\Work\radio\PIC LCD-USB demo\Control\BaseC\busyxlcd.c
             Delay10KTCYx   0x00035c    program     extern C:\Program Files\Microchip\mplabc18\v3.37\src\traditional\delays\d10ktcyx.asm
                    D10Kx   0x000366    program     static C:\Program Files\Microchip\mplabc18\v3.37\src\traditional\delays\d10ktcyx.asm
                   D10K_1   0x000368    program     static C:\Program Files\Microchip\mplabc18\v3.37\src\traditional\delays\d10ktcyx.asm
       _D10KTCYXCODE_0010   0x00036c    program     static C:\Program Files\Microchip\mplabc18\v3.37\src\traditional\delays\d10ktcyx.asm
                    D10Kl   0x000374    program     static C:\Program Files\Microchip\mplabc18\v3.37\src\traditional\delays\d10ktcyx.asm
       _D10KTCYXCODE_001C   0x000378    program     static C:\Program Files\Microchip\mplabc18\v3.37\src\traditional\delays\d10ktcyx.asm
              Delay1KTCYx   0x00038a    program     extern C:\Program Files\Microchip\mplabc18\v3.37\src\traditional\delays\d1ktcyx.asm
                     D1Kx   0x000394    program     static C:\Program Files\Microchip\mplabc18\v3.37\src\traditional\delays\d1ktcyx.asm
                    D1K_1   0x000396    program     static C:\Program Files\Microchip\mplabc18\v3.37\src\traditional\delays\d1ktcyx.asm
        _D1KTCYXCODE_0010   0x00039a    program     static C:\Program Files\Microchip\mplabc18\v3.37\src\traditional\delays\d1ktcyx.asm
        _D1KTCYXCODE_0016   0x0003a0    program     static C:\Program Files\Microchip\mplabc18\v3.37\src\traditional\delays\d1ktcyx.asm
            __zero_memory   0x0003aa    program     extern C:\Program Files\Microchip\mplabc18\v3.37\src\traditional\proc\p18F2550.asm
               zero_block   0x0003b8    program     static C:\Program Files\Microchip\mplabc18\v3.37\src\traditional\proc\p18F2550.asm
                   loop_h   0x0003b8    program     static C:\Program Files\Microchip\mplabc18\v3.37\src\traditional\proc\p18F2550.asm
                compare_l   0x0003c0    program     static C:\Program Files\Microchip\mplabc18\v3.37\src\traditional\proc\p18F2550.asm
                   loop_l   0x0003c2    program     static C:\Program Files\Microchip\mplabc18\v3.37\src\traditional\proc\p18F2550.asm
                 _startup   0x0003ca    program     extern C:\Program Files\Microchip\mplabc18\v3.37\src\traditional\startup\c018i.c
                     loop   0x0003da    program     static                          
       ___return_lbl00001   0x0003e4    program     static                          
              Delay10TCYx   0x0003e6    program     extern C:\Program Files\Microchip\mplabc18\v3.37\src\traditional\delays\d10tcyx.asm
                     D10x   0x0003ee    program     static C:\Program Files\Microchip\mplabc18\v3.37\src\traditional\delays\d10tcyx.asm
        _D10TCYXCODE_000A   0x0003f0    program     static C:\Program Files\Microchip\mplabc18\v3.37\src\traditional\delays\d10tcyx.asm
        _D10TCYXCODE_000C   0x0003f2    program     static C:\Program Files\Microchip\mplabc18\v3.37\src\traditional\delays\d10tcyx.asm
        _D10TCYXCODE_000E   0x0003f4    program     static C:\Program Files\Microchip\mplabc18\v3.37\src\traditional\delays\d10tcyx.asm
                    D10_1   0x0003f6    program     static C:\Program Files\Microchip\mplabc18\v3.37\src\traditional\delays\d10tcyx.asm
               __string_0   0x0003fc    program     static C:\Users\Shmuma\Work\radio\PIC LCD-USB demo\Control\BaseC\base-lcd.c
                   __init   0x00040a    program     extern C:\Program Files\Microchip\mplabc18\v3.37\src\traditional\stdclib\__init.c
               __config_0   0x300000    program     static C:\Users\Shmuma\Work\radio\PIC LCD-USB demo\Control\BaseC\base-lcd.c
               __config_1   0x300001    program     static C:\Users\Shmuma\Work\radio\PIC LCD-USB demo\Control\BaseC\base-lcd.c
               __config_2   0x300003    program     static C:\Users\Shmuma\Work\radio\PIC LCD-USB demo\Control\BaseC\base-lcd.c
               __config_3   0x300006    program     static C:\Users\Shmuma\Work\radio\PIC LCD-USB demo\Control\BaseC\base-lcd.c
                     SIGN   0x000000       data     extern C:\Program Files\Microchip\mplabc18\v3.37\src\traditional\math\cmath18.asm
            __FPFLAGSbits   0x000001       data     extern C:\Program Files\Microchip\mplabc18\v3.37\src\traditional\math\cmath18.asm
                __FPFLAGS   0x000001       data     extern C:\Program Files\Microchip\mplabc18\v3.37\src\traditional\math\cmath18.asm
            DelayCounter2   0x000002       data     extern C:\Program Files\Microchip\mplabc18\v3.37\src\traditional\delays\delayd2.asm
            DelayCounter1   0x000003       data     extern C:\Program Files\Microchip\mplabc18\v3.37\src\traditional\delays\delayd1.asm
                     prom   0x000060       data     static C:\Program Files\Microchip\mplabc18\v3.37\src\traditional\startup\c018i.c
                curr_byte   0x000063       data     static C:\Program Files\Microchip\mplabc18\v3.37\src\traditional\startup\c018i.c
               curr_entry   0x000065       data     static C:\Program Files\Microchip\mplabc18\v3.37\src\traditional\startup\c018i.c
                 data_ptr   0x000067       data     static C:\Program Files\Microchip\mplabc18\v3.37\src\traditional\startup\c018i.c
                UFRMLbits   0x000f66       data     extern C:\Program Files\Microchip\mplabc18\v3.37\src\traditional\proc\p18F2550.asm
                    UFRML   0x000f66       data     extern C:\Program Files\Microchip\mplabc18\v3.37\src\traditional\proc\p18F2550.asm
                     UFRM   0x000f66       data     extern C:\Program Files\Microchip\mplabc18\v3.37\src\traditional\proc\p18F2550.asm
                UFRMHbits   0x000f67       data     extern C:\Program Files\Microchip\mplabc18\v3.37\src\traditional\proc\p18F2550.asm
                    UFRMH   0x000f67       data     extern C:\Program Files\Microchip\mplabc18\v3.37\src\traditional\proc\p18F2550.asm
                  UIRbits   0x000f68       data     extern C:\Program Files\Microchip\mplabc18\v3.37\src\traditional\proc\p18F2550.asm
                      UIR   0x000f68       data     extern C:\Program Files\Microchip\mplabc18\v3.37\src\traditional\proc\p18F2550.asm
                  UIEbits   0x000f69       data     extern C:\Program Files\Microchip\mplabc18\v3.37\src\traditional\proc\p18F2550.asm
                      UIE   0x000f69       data     extern C:\Program Files\Microchip\mplabc18\v3.37\src\traditional\proc\p18F2550.asm
                     UEIR   0x000f6a       data     extern C:\Program Files\Microchip\mplabc18\v3.37\src\traditional\proc\p18F2550.asm
                 UEIRbits   0x000f6a       data     extern C:\Program Files\Microchip\mplabc18\v3.37\src\traditional\proc\p18F2550.asm
                     UEIE   0x000f6b       data     extern C:\Program Files\Microchip\mplabc18\v3.37\src\traditional\proc\p18F2550.asm
                 UEIEbits   0x000f6b       data     extern C:\Program Files\Microchip\mplabc18\v3.37\src\traditional\proc\p18F2550.asm
                USTATbits   0x000f6c       data     extern C:\Program Files\Microchip\mplabc18\v3.37\src\traditional\proc\p18F2550.asm
                    USTAT   0x000f6c       data     extern C:\Program Files\Microchip\mplabc18\v3.37\src\traditional\proc\p18F2550.asm
                     UCON   0x000f6d       data     extern C:\Program Files\Microchip\mplabc18\v3.37\src\traditional\proc\p18F2550.asm
                 UCONbits   0x000f6d       data     extern C:\Program Files\Microchip\mplabc18\v3.37\src\traditional\proc\p18F2550.asm
                    UADDR   0x000f6e       data     extern C:\Program Files\Microchip\mplabc18\v3.37\src\traditional\proc\p18F2550.asm
                UADDRbits   0x000f6e       data     extern C:\Program Files\Microchip\mplabc18\v3.37\src\traditional\proc\p18F2550.asm
                     UCFG   0x000f6f       data     extern C:\Program Files\Microchip\mplabc18\v3.37\src\traditional\proc\p18F2550.asm
                 UCFGbits   0x000f6f       data     extern C:\Program Files\Microchip\mplabc18\v3.37\src\traditional\proc\p18F2550.asm
                 UEP0bits   0x000f70       data     extern C:\Program Files\Microchip\mplabc18\v3.37\src\traditional\proc\p18F2550.asm
                     UEP0   0x000f70       data     extern C:\Program Files\Microchip\mplabc18\v3.37\src\traditional\proc\p18F2550.asm
                 UEP1bits   0x000f71       data     extern C:\Program Files\Microchip\mplabc18\v3.37\src\traditional\proc\p18F2550.asm
                     UEP1   0x000f71       data     extern C:\Program Files\Microchip\mplabc18\v3.37\src\traditional\proc\p18F2550.asm
                 UEP2bits   0x000f72       data     extern C:\Program Files\Microchip\mplabc18\v3.37\src\traditional\proc\p18F2550.asm
                     UEP2   0x000f72       data     extern C:\Program Files\Microchip\mplabc18\v3.37\src\traditional\proc\p18F2550.asm
                 UEP3bits   0x000f73       data     extern C:\Program Files\Microchip\mplabc18\v3.37\src\traditional\proc\p18F2550.asm
                     UEP3   0x000f73       data     extern C:\Program Files\Microchip\mplabc18\v3.37\src\traditional\proc\p18F2550.asm
                 UEP4bits   0x000f74       data     extern C:\Program Files\Microchip\mplabc18\v3.37\src\traditional\proc\p18F2550.asm
                     UEP4   0x000f74       data     extern C:\Program Files\Microchip\mplabc18\v3.37\src\traditional\proc\p18F2550.asm
                 UEP5bits   0x000f75       data     extern C:\Program Files\Microchip\mplabc18\v3.37\src\traditional\proc\p18F2550.asm
                     UEP5   0x000f75       data     extern C:\Program Files\Microchip\mplabc18\v3.37\src\traditional\proc\p18F2550.asm
                 UEP6bits   0x000f76       data     extern C:\Program Files\Microchip\mplabc18\v3.37\src\traditional\proc\p18F2550.asm
                     UEP6   0x000f76       data     extern C:\Program Files\Microchip\mplabc18\v3.37\src\traditional\proc\p18F2550.asm
                 UEP7bits   0x000f77       data     extern C:\Program Files\Microchip\mplabc18\v3.37\src\traditional\proc\p18F2550.asm
                     UEP7   0x000f77       data     extern C:\Program Files\Microchip\mplabc18\v3.37\src\traditional\proc\p18F2550.asm
                 UEP8bits   0x000f78       data     extern C:\Program Files\Microchip\mplabc18\v3.37\src\traditional\proc\p18F2550.asm
                     UEP8   0x000f78       data     extern C:\Program Files\Microchip\mplabc18\v3.37\src\traditional\proc\p18F2550.asm
                     UEP9   0x000f79       data     extern C:\Program Files\Microchip\mplabc18\v3.37\src\traditional\proc\p18F2550.asm
                 UEP9bits   0x000f79       data     extern C:\Program Files\Microchip\mplabc18\v3.37\src\traditional\proc\p18F2550.asm
                    UEP10   0x000f7a       data     extern C:\Program Files\Microchip\mplabc18\v3.37\src\traditional\proc\p18F2550.asm
                UEP10bits   0x000f7a       data     extern C:\Program Files\Microchip\mplabc18\v3.37\src\traditional\proc\p18F2550.asm
                    UEP11   0x000f7b       data     extern C:\Program Files\Microchip\mplabc18\v3.37\src\traditional\proc\p18F2550.asm
                UEP11bits   0x000f7b       data     extern C:\Program Files\Microchip\mplabc18\v3.37\src\traditional\proc\p18F2550.asm
                UEP12bits   0x000f7c       data     extern C:\Program Files\Microchip\mplabc18\v3.37\src\traditional\proc\p18F2550.asm
                    UEP12   0x000f7c       data     extern C:\Program Files\Microchip\mplabc18\v3.37\src\traditional\proc\p18F2550.asm
                    UEP13   0x000f7d       data     extern C:\Program Files\Microchip\mplabc18\v3.37\src\traditional\proc\p18F2550.asm
                UEP13bits   0x000f7d       data     extern C:\Program Files\Microchip\mplabc18\v3.37\src\traditional\proc\p18F2550.asm
                    UEP14   0x000f7e       data     extern C:\Program Files\Microchip\mplabc18\v3.37\src\traditional\proc\p18F2550.asm
                UEP14bits   0x000f7e       data     extern C:\Program Files\Microchip\mplabc18\v3.37\src\traditional\proc\p18F2550.asm
                    UEP15   0x000f7f       data     extern C:\Program Files\Microchip\mplabc18\v3.37\src\traditional\proc\p18F2550.asm
                UEP15bits   0x000f7f       data     extern C:\Program Files\Microchip\mplabc18\v3.37\src\traditional\proc\p18F2550.asm
                    PORTA   0x000f80       data     extern C:\Program Files\Microchip\mplabc18\v3.37\src\traditional\proc\p18F2550.asm
                PORTAbits   0x000f80       data     extern C:\Program Files\Microchip\mplabc18\v3.37\src\traditional\proc\p18F2550.asm
                    PORTB   0x000f81       data     extern C:\Program Files\Microchip\mplabc18\v3.37\src\traditional\proc\p18F2550.asm
                PORTBbits   0x000f81       data     extern C:\Program Files\Microchip\mplabc18\v3.37\src\traditional\proc\p18F2550.asm
                    PORTC   0x000f82       data     extern C:\Program Files\Microchip\mplabc18\v3.37\src\traditional\proc\p18F2550.asm
                PORTCbits   0x000f82       data     extern C:\Program Files\Microchip\mplabc18\v3.37\src\traditional\proc\p18F2550.asm
                    PORTE   0x000f84       data     extern C:\Program Files\Microchip\mplabc18\v3.37\src\traditional\proc\p18F2550.asm
                PORTEbits   0x000f84       data     extern C:\Program Files\Microchip\mplabc18\v3.37\src\traditional\proc\p18F2550.asm
                 LATAbits   0x000f89       data     extern C:\Program Files\Microchip\mplabc18\v3.37\src\traditional\proc\p18F2550.asm
                     LATA   0x000f89       data     extern C:\Program Files\Microchip\mplabc18\v3.37\src\traditional\proc\p18F2550.asm
                     LATB   0x000f8a       data     extern C:\Program Files\Microchip\mplabc18\v3.37\src\traditional\proc\p18F2550.asm
                 LATBbits   0x000f8a       data     extern C:\Program Files\Microchip\mplabc18\v3.37\src\traditional\proc\p18F2550.asm
                     LATC   0x000f8b       data     extern C:\Program Files\Microchip\mplabc18\v3.37\src\traditional\proc\p18F2550.asm
                 LATCbits   0x000f8b       data     extern C:\Program Files\Microchip\mplabc18\v3.37\src\traditional\proc\p18F2550.asm
                TRISAbits   0x000f92       data     extern C:\Program Files\Microchip\mplabc18\v3.37\src\traditional\proc\p18F2550.asm
                    TRISA   0x000f92       data     extern C:\Program Files\Microchip\mplabc18\v3.37\src\traditional\proc\p18F2550.asm
                     DDRA   0x000f92       data     extern C:\Program Files\Microchip\mplabc18\v3.37\src\traditional\proc\p18F2550.asm
                 DDRAbits   0x000f92       data     extern C:\Program Files\Microchip\mplabc18\v3.37\src\traditional\proc\p18F2550.asm
                TRISBbits   0x000f93       data     extern C:\Program Files\Microchip\mplabc18\v3.37\src\traditional\proc\p18F2550.asm
                    TRISB   0x000f93       data     extern C:\Program Files\Microchip\mplabc18\v3.37\src\traditional\proc\p18F2550.asm
                 DDRBbits   0x000f93       data     extern C:\Program Files\Microchip\mplabc18\v3.37\src\traditional\proc\p18F2550.asm
                     DDRB   0x000f93       data     extern C:\Program Files\Microchip\mplabc18\v3.37\src\traditional\proc\p18F2550.asm
                 DDRCbits   0x000f94       data     extern C:\Program Files\Microchip\mplabc18\v3.37\src\traditional\proc\p18F2550.asm
                     DDRC   0x000f94       data     extern C:\Program Files\Microchip\mplabc18\v3.37\src\traditional\proc\p18F2550.asm
                    TRISC   0x000f94       data     extern C:\Program Files\Microchip\mplabc18\v3.37\src\traditional\proc\p18F2550.asm
                TRISCbits   0x000f94       data     extern C:\Program Files\Microchip\mplabc18\v3.37\src\traditional\proc\p18F2550.asm
              OSCTUNEbits   0x000f9b       data     extern C:\Program Files\Microchip\mplabc18\v3.37\src\traditional\proc\p18F2550.asm
                  OSCTUNE   0x000f9b       data     extern C:\Program Files\Microchip\mplabc18\v3.37\src\traditional\proc\p18F2550.asm
                     PIE1   0x000f9d       data     extern C:\Program Files\Microchip\mplabc18\v3.37\src\traditional\proc\p18F2550.asm
                 PIE1bits   0x000f9d       data     extern C:\Program Files\Microchip\mplabc18\v3.37\src\traditional\proc\p18F2550.asm
                     PIR1   0x000f9e       data     extern C:\Program Files\Microchip\mplabc18\v3.37\src\traditional\proc\p18F2550.asm
                 PIR1bits   0x000f9e       data     extern C:\Program Files\Microchip\mplabc18\v3.37\src\traditional\proc\p18F2550.asm
                     IPR1   0x000f9f       data     extern C:\Program Files\Microchip\mplabc18\v3.37\src\traditional\proc\p18F2550.asm
                 IPR1bits   0x000f9f       data     extern C:\Program Files\Microchip\mplabc18\v3.37\src\traditional\proc\p18F2550.asm
                     PIE2   0x000fa0       data     extern C:\Program Files\Microchip\mplabc18\v3.37\src\traditional\proc\p18F2550.asm
                 PIE2bits   0x000fa0       data     extern C:\Program Files\Microchip\mplabc18\v3.37\src\traditional\proc\p18F2550.asm
                     PIR2   0x000fa1       data     extern C:\Program Files\Microchip\mplabc18\v3.37\src\traditional\proc\p18F2550.asm
                 PIR2bits   0x000fa1       data     extern C:\Program Files\Microchip\mplabc18\v3.37\src\traditional\proc\p18F2550.asm
                     IPR2   0x000fa2       data     extern C:\Program Files\Microchip\mplabc18\v3.37\src\traditional\proc\p18F2550.asm
                 IPR2bits   0x000fa2       data     extern C:\Program Files\Microchip\mplabc18\v3.37\src\traditional\proc\p18F2550.asm
                   EECON1   0x000fa6       data     extern C:\Program Files\Microchip\mplabc18\v3.37\src\traditional\proc\p18F2550.asm
               EECON1bits   0x000fa6       data     extern C:\Program Files\Microchip\mplabc18\v3.37\src\traditional\proc\p18F2550.asm
                   EECON2   0x000fa7       data     extern C:\Program Files\Microchip\mplabc18\v3.37\src\traditional\proc\p18F2550.asm
                   EEDATA   0x000fa8       data     extern C:\Program Files\Microchip\mplabc18\v3.37\src\traditional\proc\p18F2550.asm
                    EEADR   0x000fa9       data     extern C:\Program Files\Microchip\mplabc18\v3.37\src\traditional\proc\p18F2550.asm
                    RCSTA   0x000fab       data     extern C:\Program Files\Microchip\mplabc18\v3.37\src\traditional\proc\p18F2550.asm
                RCSTAbits   0x000fab       data     extern C:\Program Files\Microchip\mplabc18\v3.37\src\traditional\proc\p18F2550.asm
                    TXSTA   0x000fac       data     extern C:\Program Files\Microchip\mplabc18\v3.37\src\traditional\proc\p18F2550.asm
                TXSTAbits   0x000fac       data     extern C:\Program Files\Microchip\mplabc18\v3.37\src\traditional\proc\p18F2550.asm
                    TXREG   0x000fad       data     extern C:\Program Files\Microchip\mplabc18\v3.37\src\traditional\proc\p18F2550.asm
                    RCREG   0x000fae       data     extern C:\Program Files\Microchip\mplabc18\v3.37\src\traditional\proc\p18F2550.asm
                    SPBRG   0x000faf       data     extern C:\Program Files\Microchip\mplabc18\v3.37\src\traditional\proc\p18F2550.asm
                   SPBRGH   0x000fb0       data     extern C:\Program Files\Microchip\mplabc18\v3.37\src\traditional\proc\p18F2550.asm
                T3CONbits   0x000fb1       data     extern C:\Program Files\Microchip\mplabc18\v3.37\src\traditional\proc\p18F2550.asm
                    T3CON   0x000fb1       data     extern C:\Program Files\Microchip\mplabc18\v3.37\src\traditional\proc\p18F2550.asm
                    TMR3L   0x000fb2       data     extern C:\Program Files\Microchip\mplabc18\v3.37\src\traditional\proc\p18F2550.asm
                    TMR3H   0x000fb3       data     extern C:\Program Files\Microchip\mplabc18\v3.37\src\traditional\proc\p18F2550.asm
                CMCONbits   0x000fb4       data     extern C:\Program Files\Microchip\mplabc18\v3.37\src\traditional\proc\p18F2550.asm
                    CMCON   0x000fb4       data     extern C:\Program Files\Microchip\mplabc18\v3.37\src\traditional\proc\p18F2550.asm
               CVRCONbits   0x000fb5       data     extern C:\Program Files\Microchip\mplabc18\v3.37\src\traditional\proc\p18F2550.asm
                   CVRCON   0x000fb5       data     extern C:\Program Files\Microchip\mplabc18\v3.37\src\traditional\proc\p18F2550.asm
               CCP1ASbits   0x000fb6       data     extern C:\Program Files\Microchip\mplabc18\v3.37\src\traditional\proc\p18F2550.asm
                   CCP1AS   0x000fb6       data     extern C:\Program Files\Microchip\mplabc18\v3.37\src\traditional\proc\p18F2550.asm
              ECCP1ASbits   0x000fb6       data     extern C:\Program Files\Microchip\mplabc18\v3.37\src\traditional\proc\p18F2550.asm
                  ECCP1AS   0x000fb6       data     extern C:\Program Files\Microchip\mplabc18\v3.37\src\traditional\proc\p18F2550.asm
             ECCP1DELbits   0x000fb7       data     extern C:\Program Files\Microchip\mplabc18\v3.37\src\traditional\proc\p18F2550.asm
                 ECCP1DEL   0x000fb7       data     extern C:\Program Files\Microchip\mplabc18\v3.37\src\traditional\proc\p18F2550.asm
              CCP1DELbits   0x000fb7       data     extern C:\Program Files\Microchip\mplabc18\v3.37\src\traditional\proc\p18F2550.asm
                  CCP1DEL   0x000fb7       data     extern C:\Program Files\Microchip\mplabc18\v3.37\src\traditional\proc\p18F2550.asm
              BAUDCTLbits   0x000fb8       data     extern C:\Program Files\Microchip\mplabc18\v3.37\src\traditional\proc\p18F2550.asm
                  BAUDCTL   0x000fb8       data     extern C:\Program Files\Microchip\mplabc18\v3.37\src\traditional\proc\p18F2550.asm
              BAUDCONbits   0x000fb8       data     extern C:\Program Files\Microchip\mplabc18\v3.37\src\traditional\proc\p18F2550.asm
                  BAUDCON   0x000fb8       data     extern C:\Program Files\Microchip\mplabc18\v3.37\src\traditional\proc\p18F2550.asm
                  CCP2CON   0x000fba       data     extern C:\Program Files\Microchip\mplabc18\v3.37\src\traditional\proc\p18F2550.asm
              CCP2CONbits   0x000fba       data     extern C:\Program Files\Microchip\mplabc18\v3.37\src\traditional\proc\p18F2550.asm
                    CCPR2   0x000fbb       data     extern C:\Program Files\Microchip\mplabc18\v3.37\src\traditional\proc\p18F2550.asm
                   CCPR2L   0x000fbb       data     extern C:\Program Files\Microchip\mplabc18\v3.37\src\traditional\proc\p18F2550.asm
                   CCPR2H   0x000fbc       data     extern C:\Program Files\Microchip\mplabc18\v3.37\src\traditional\proc\p18F2550.asm
              CCP1CONbits   0x000fbd       data     extern C:\Program Files\Microchip\mplabc18\v3.37\src\traditional\proc\p18F2550.asm
                  CCP1CON   0x000fbd       data     extern C:\Program Files\Microchip\mplabc18\v3.37\src\traditional\proc\p18F2550.asm
                   CCPR1L   0x000fbe       data     extern C:\Program Files\Microchip\mplabc18\v3.37\src\traditional\proc\p18F2550.asm
                    CCPR1   0x000fbe       data     extern C:\Program Files\Microchip\mplabc18\v3.37\src\traditional\proc\p18F2550.asm
                   CCPR1H   0x000fbf       data     extern C:\Program Files\Microchip\mplabc18\v3.37\src\traditional\proc\p18F2550.asm
                   ADCON2   0x000fc0       data     extern C:\Program Files\Microchip\mplabc18\v3.37\src\traditional\proc\p18F2550.asm
               ADCON2bits   0x000fc0       data     extern C:\Program Files\Microchip\mplabc18\v3.37\src\traditional\proc\p18F2550.asm
                   ADCON1   0x000fc1       data     extern C:\Program Files\Microchip\mplabc18\v3.37\src\traditional\proc\p18F2550.asm
               ADCON1bits   0x000fc1       data     extern C:\Program Files\Microchip\mplabc18\v3.37\src\traditional\proc\p18F2550.asm
                   ADCON0   0x000fc2       data     extern C:\Program Files\Microchip\mplabc18\v3.37\src\traditional\proc\p18F2550.asm
               ADCON0bits   0x000fc2       data     extern C:\Program Files\Microchip\mplabc18\v3.37\src\traditional\proc\p18F2550.asm
                    ADRES   0x000fc3       data     extern C:\Program Files\Microchip\mplabc18\v3.37\src\traditional\proc\p18F2550.asm
                   ADRESL   0x000fc3       data     extern C:\Program Files\Microchip\mplabc18\v3.37\src\traditional\proc\p18F2550.asm
                   ADRESH   0x000fc4       data     extern C:\Program Files\Microchip\mplabc18\v3.37\src\traditional\proc\p18F2550.asm
                  SSPCON2   0x000fc5       data     extern C:\Program Files\Microchip\mplabc18\v3.37\src\traditional\proc\p18F2550.asm
              SSPCON2bits   0x000fc5       data     extern C:\Program Files\Microchip\mplabc18\v3.37\src\traditional\proc\p18F2550.asm
                  SSPCON1   0x000fc6       data     extern C:\Program Files\Microchip\mplabc18\v3.37\src\traditional\proc\p18F2550.asm
              SSPCON1bits   0x000fc6       data     extern C:\Program Files\Microchip\mplabc18\v3.37\src\traditional\proc\p18F2550.asm
                  SSPSTAT   0x000fc7       data     extern C:\Program Files\Microchip\mplabc18\v3.37\src\traditional\proc\p18F2550.asm
              SSPSTATbits   0x000fc7       data     extern C:\Program Files\Microchip\mplabc18\v3.37\src\traditional\proc\p18F2550.asm
                   SSPADD   0x000fc8       data     extern C:\Program Files\Microchip\mplabc18\v3.37\src\traditional\proc\p18F2550.asm
                   SSPBUF   0x000fc9       data     extern C:\Program Files\Microchip\mplabc18\v3.37\src\traditional\proc\p18F2550.asm
                T2CONbits   0x000fca       data     extern C:\Program Files\Microchip\mplabc18\v3.37\src\traditional\proc\p18F2550.asm
                    T2CON   0x000fca       data     extern C:\Program Files\Microchip\mplabc18\v3.37\src\traditional\proc\p18F2550.asm
                      PR2   0x000fcb       data     extern C:\Program Files\Microchip\mplabc18\v3.37\src\traditional\proc\p18F2550.asm
                     TMR2   0x000fcc       data     extern C:\Program Files\Microchip\mplabc18\v3.37\src\traditional\proc\p18F2550.asm
                T1CONbits   0x000fcd       data     extern C:\Program Files\Microchip\mplabc18\v3.37\src\traditional\proc\p18F2550.asm
                    T1CON   0x000fcd       data     extern C:\Program Files\Microchip\mplabc18\v3.37\src\traditional\proc\p18F2550.asm
                    TMR1L   0x000fce       data     extern C:\Program Files\Microchip\mplabc18\v3.37\src\traditional\proc\p18F2550.asm
                    TMR1H   0x000fcf       data     extern C:\Program Files\Microchip\mplabc18\v3.37\src\traditional\proc\p18F2550.asm
                     RCON   0x000fd0       data     extern C:\Program Files\Microchip\mplabc18\v3.37\src\traditional\proc\p18F2550.asm
                 RCONbits   0x000fd0       data     extern C:\Program Files\Microchip\mplabc18\v3.37\src\traditional\proc\p18F2550.asm
                   WDTCON   0x000fd1       data     extern C:\Program Files\Microchip\mplabc18\v3.37\src\traditional\proc\p18F2550.asm
               WDTCONbits   0x000fd1       data     extern C:\Program Files\Microchip\mplabc18\v3.37\src\traditional\proc\p18F2550.asm
                  HLVDCON   0x000fd2       data     extern C:\Program Files\Microchip\mplabc18\v3.37\src\traditional\proc\p18F2550.asm
              HLVDCONbits   0x000fd2       data     extern C:\Program Files\Microchip\mplabc18\v3.37\src\traditional\proc\p18F2550.asm
                   LVDCON   0x000fd2       data     extern C:\Program Files\Microchip\mplabc18\v3.37\src\traditional\proc\p18F2550.asm
               LVDCONbits   0x000fd2       data     extern C:\Program Files\Microchip\mplabc18\v3.37\src\traditional\proc\p18F2550.asm
               OSCCONbits   0x000fd3       data     extern C:\Program Files\Microchip\mplabc18\v3.37\src\traditional\proc\p18F2550.asm
                   OSCCON   0x000fd3       data     extern C:\Program Files\Microchip\mplabc18\v3.37\src\traditional\proc\p18F2550.asm
                    T0CON   0x000fd5       data     extern C:\Program Files\Microchip\mplabc18\v3.37\src\traditional\proc\p18F2550.asm
                T0CONbits   0x000fd5       data     extern C:\Program Files\Microchip\mplabc18\v3.37\src\traditional\proc\p18F2550.asm
                    TMR0L   0x000fd6       data     extern C:\Program Files\Microchip\mplabc18\v3.37\src\traditional\proc\p18F2550.asm
                    TMR0H   0x000fd7       data     extern C:\Program Files\Microchip\mplabc18\v3.37\src\traditional\proc\p18F2550.asm
                   STATUS   0x000fd8       data     extern C:\Program Files\Microchip\mplabc18\v3.37\src\traditional\proc\p18F2550.asm
               STATUSbits   0x000fd8       data     extern C:\Program Files\Microchip\mplabc18\v3.37\src\traditional\proc\p18F2550.asm
                     FSR2   0x000fd9       data     extern C:\Program Files\Microchip\mplabc18\v3.37\src\traditional\proc\p18F2550.asm
                    FSR2L   0x000fd9       data     extern C:\Program Files\Microchip\mplabc18\v3.37\src\traditional\proc\p18F2550.asm
                    FSR2H   0x000fda       data     extern C:\Program Files\Microchip\mplabc18\v3.37\src\traditional\proc\p18F2550.asm
                   PLUSW2   0x000fdb       data     extern C:\Program Files\Microchip\mplabc18\v3.37\src\traditional\proc\p18F2550.asm
                  PREINC2   0x000fdc       data     extern C:\Program Files\Microchip\mplabc18\v3.37\src\traditional\proc\p18F2550.asm
                 POSTDEC2   0x000fdd       data     extern C:\Program Files\Microchip\mplabc18\v3.37\src\traditional\proc\p18F2550.asm
                 POSTINC2   0x000fde       data     extern C:\Program Files\Microchip\mplabc18\v3.37\src\traditional\proc\p18F2550.asm
                    INDF2   0x000fdf       data     extern C:\Program Files\Microchip\mplabc18\v3.37\src\traditional\proc\p18F2550.asm
                      BSR   0x000fe0       data     extern C:\Program Files\Microchip\mplabc18\v3.37\src\traditional\proc\p18F2550.asm
                    FSR1L   0x000fe1       data     extern C:\Program Files\Microchip\mplabc18\v3.37\src\traditional\proc\p18F2550.asm
                     FSR1   0x000fe1       data     extern C:\Program Files\Microchip\mplabc18\v3.37\src\traditional\proc\p18F2550.asm
                    FSR1H   0x000fe2       data     extern C:\Program Files\Microchip\mplabc18\v3.37\src\traditional\proc\p18F2550.asm
                   PLUSW1   0x000fe3       data     extern C:\Program Files\Microchip\mplabc18\v3.37\src\traditional\proc\p18F2550.asm
                  PREINC1   0x000fe4       data     extern C:\Program Files\Microchip\mplabc18\v3.37\src\traditional\proc\p18F2550.asm
                 POSTDEC1   0x000fe5       data     extern C:\Program Files\Microchip\mplabc18\v3.37\src\traditional\proc\p18F2550.asm
                 POSTINC1   0x000fe6       data     extern C:\Program Files\Microchip\mplabc18\v3.37\src\traditional\proc\p18F2550.asm
                    INDF1   0x000fe7       data     extern C:\Program Files\Microchip\mplabc18\v3.37\src\traditional\proc\p18F2550.asm
                     WREG   0x000fe8       data     extern C:\Program Files\Microchip\mplabc18\v3.37\src\traditional\proc\p18F2550.asm
                    FSR0L   0x000fe9       data     extern C:\Program Files\Microchip\mplabc18\v3.37\src\traditional\proc\p18F2550.asm
                     FSR0   0x000fe9       data     extern C:\Program Files\Microchip\mplabc18\v3.37\src\traditional\proc\p18F2550.asm
                    FSR0H   0x000fea       data     extern C:\Program Files\Microchip\mplabc18\v3.37\src\traditional\proc\p18F2550.asm
                   PLUSW0   0x000feb       data     extern C:\Program Files\Microchip\mplabc18\v3.37\src\traditional\proc\p18F2550.asm
                  PREINC0   0x000fec       data     extern C:\Program Files\Microchip\mplabc18\v3.37\src\traditional\proc\p18F2550.asm
                 POSTDEC0   0x000fed       data     extern C:\Program Files\Microchip\mplabc18\v3.37\src\traditional\proc\p18F2550.asm
                 POSTINC0   0x000fee       data     extern C:\Program Files\Microchip\mplabc18\v3.37\src\traditional\proc\p18F2550.asm
                    INDF0   0x000fef       data     extern C:\Program Files\Microchip\mplabc18\v3.37\src\traditional\proc\p18F2550.asm
                  INTCON3   0x000ff0       data     extern C:\Program Files\Microchip\mplabc18\v3.37\src\traditional\proc\p18F2550.asm
              INTCON3bits   0x000ff0       data     extern C:\Program Files\Microchip\mplabc18\v3.37\src\traditional\proc\p18F2550.asm
              INTCON2bits   0x000ff1       data     extern C:\Program Files\Microchip\mplabc18\v3.37\src\traditional\proc\p18F2550.asm
                  INTCON2   0x000ff1       data     extern C:\Program Files\Microchip\mplabc18\v3.37\src\traditional\proc\p18F2550.asm
                   INTCON   0x000ff2       data     extern C:\Program Files\Microchip\mplabc18\v3.37\src\traditional\proc\p18F2550.asm
               INTCONbits   0x000ff2       data     extern C:\Program Files\Microchip\mplabc18\v3.37\src\traditional\proc\p18F2550.asm
                    PRODL   0x000ff3       data     extern C:\Program Files\Microchip\mplabc18\v3.37\src\traditional\proc\p18F2550.asm
                     PROD   0x000ff3       data     extern C:\Program Files\Microchip\mplabc18\v3.37\src\traditional\proc\p18F2550.asm
                    PRODH   0x000ff4       data     extern C:\Program Files\Microchip\mplabc18\v3.37\src\traditional\proc\p18F2550.asm
                   TABLAT   0x000ff5       data     extern C:\Program Files\Microchip\mplabc18\v3.37\src\traditional\proc\p18F2550.asm
                  TBLPTRL   0x000ff6       data     extern C:\Program Files\Microchip\mplabc18\v3.37\src\traditional\proc\p18F2550.asm
                   TBLPTR   0x000ff6       data     extern C:\Program Files\Microchip\mplabc18\v3.37\src\traditional\proc\p18F2550.asm
                  TBLPTRH   0x000ff7       data     extern C:\Program Files\Microchip\mplabc18\v3.37\src\traditional\proc\p18F2550.asm
                  TBLPTRU   0x000ff8       data     extern C:\Program Files\Microchip\mplabc18\v3.37\src\traditional\proc\p18F2550.asm
                      PCL   0x000ff9       data     extern C:\Program Files\Microchip\mplabc18\v3.37\src\traditional\proc\p18F2550.asm
                       PC   0x000ff9       data     extern C:\Program Files\Microchip\mplabc18\v3.37\src\traditional\proc\p18F2550.asm
                   PCLATH   0x000ffa       data     extern C:\Program Files\Microchip\mplabc18\v3.37\src\traditional\proc\p18F2550.asm
                   PCLATU   0x000ffb       data     extern C:\Program Files\Microchip\mplabc18\v3.37\src\traditional\proc\p18F2550.asm
                   STKPTR   0x000ffc       data     extern C:\Program Files\Microchip\mplabc18\v3.37\src\traditional\proc\p18F2550.asm
               STKPTRbits   0x000ffc       data     extern C:\Program Files\Microchip\mplabc18\v3.37\src\traditional\proc\p18F2550.asm
                     TOSL   0x000ffd       data     extern C:\Program Files\Microchip\mplabc18\v3.37\src\traditional\proc\p18F2550.asm
                      TOS   0x000ffd       data     extern C:\Program Files\Microchip\mplabc18\v3.37\src\traditional\proc\p18F2550.asm
                     TOSH   0x000ffe       data     extern C:\Program Files\Microchip\mplabc18\v3.37\src\traditional\proc\p18F2550.asm
                     TOSU   0x000fff       data     extern C:\Program Files\Microchip\mplabc18\v3.37\src\traditional\proc\p18F2550.asm


