MPLINK 4.37, Linker
Linker Map File - Created Sun Dec 26 12:53:01 2010

                                 Section Info
                  Section       Type    Address   Location Size(Bytes)
                ---------  ---------  ---------  ---------  ---------
                   .org_0       code   0x000000    program   0x00002a
                   .cinit    romdata   0x001800    program   0x000004
      .config_2007_LAB4.O       code   0x002007    program   0x000002
      .config_2008_LAB4.O       code   0x002008    program   0x000002



                              Program Memory Usage 
                               Start         End      
                           ---------   ---------      
                            0x000000    0x000014      
                            0x001800    0x001801      
                            0x002007    0x002008      
            25 out of 8454 program addresses used, program memory utilization is 0%



                              Symbols - Sorted by Name
                     Name    Address   Location    Storage File                     
                ---------  ---------  ---------  --------- ---------                
                     Loop   0x00000e    program     static C:\Users\Shmuma\Work\radio\study\pickit2\Lab4\lab4.asm
                    Start   0x000000    program     static C:\Users\Shmuma\Work\radio\study\pickit2\Lab4\lab4.asm
             _.org_0_0010   0x000010    program     static C:\Users\Shmuma\Work\radio\study\pickit2\Lab4\lab4.asm



                              Symbols - Sorted by Address
                     Name    Address   Location    Storage File                     
                ---------  ---------  ---------  --------- ---------                
                    Start   0x000000    program     static C:\Users\Shmuma\Work\radio\study\pickit2\Lab4\lab4.asm
                     Loop   0x00000e    program     static C:\Users\Shmuma\Work\radio\study\pickit2\Lab4\lab4.asm
             _.org_0_0010   0x000010    program     static C:\Users\Shmuma\Work\radio\study\pickit2\Lab4\lab4.asm


