MPLINK 4.37, Linker
Linker Map File - Created Wed Dec 22 22:13:03 2010

                                 Section Info
                  Section       Type    Address   Location Size(Bytes)
                ---------  ---------  ---------  ---------  ---------
                   .org_0       code   0x000000    program   0x000000
                   .org_1       code   0x000000    program   0x00001c
      .config_2007_LAB2.O       code   0x002007    program   0x000002
      .config_2008_LAB2.O       code   0x002008    program   0x000002



                              Program Memory Usage 
                               Start         End      
                           ---------   ---------      
                            0x000000    0x00000d      
                            0x002007    0x002008      
            16 out of 8454 program addresses used, program memory utilization is 0%



                              Symbols - Sorted by Name
                     Name    Address   Location    Storage File                     
                ---------  ---------  ---------  --------- ---------                
                    Delay   0x000009    program     static C:\Users\Shmuma\Work\radio\study\pickit2\Lab2\lab2.asm
                     Loop   0x000005    program     static C:\Users\Shmuma\Work\radio\study\pickit2\Lab2\lab2.asm
                    Start   0x000000    program     static C:\Users\Shmuma\Work\radio\study\pickit2\Lab2\lab2.asm



                              Symbols - Sorted by Address
                     Name    Address   Location    Storage File                     
                ---------  ---------  ---------  --------- ---------                
                    Start   0x000000    program     static C:\Users\Shmuma\Work\radio\study\pickit2\Lab2\lab2.asm
                     Loop   0x000005    program     static C:\Users\Shmuma\Work\radio\study\pickit2\Lab2\lab2.asm
                    Delay   0x000009    program     static C:\Users\Shmuma\Work\radio\study\pickit2\Lab2\lab2.asm


