MPASM  5.37                      BASE_LCD.ASM   1-20-2011  1:00:42         PAGE  1


LOC  OBJECT CODE     LINE SOURCE TEXT
  VALUE

                      00001 #include <p18f2550.inc>
                      00001         LIST
                      00002 
                      00003 ;==========================================================================
                      00004 ;  MPASM PIC18F2550 processor include
                      00005 ; 
                      00006 ;  (c) Copyright 1999-2007 Microchip Technology, All rights reserved
                      00007 ;==========================================================================
                      00008 
                      01486         LIST
                      00002 
                      00003 ;;;         CONFIG        _CONFIG1, _DEBUG_OFF & _LVP_OFF & _FCMEN_OFF & _IESO_OFF & _BOR_OFF & _CPD_OFF
                             & _CP_OFF & _MCLRE_ON & _PWRTE_ON & _WDT_OFF & _INTRC_OSC_NOCLKOUT
                      00004 ;;;         CONFIG        _CONFIG2, _WRT_OFF & _BOR21V
                      00005 
                      00006 ;;; 12 MH external clock
02 0C 1F 1F 83 85 0F C00007         CONFIG  FOSC=HS, CPUDIV=OSC1_PLL2, PLLDIV=3
       0 0F E0 0F 40 
                      00008         CONFIG  DEBUG=OFF
                      00009 
                      00010         cblock  20
  00000020            00011         Delay1
  00000021            00012         Delay2
                      00013         endc
                      00014 
                      00015 ;;; LCD demo board constants
  00000000            00016 RS      equ     RB0
  00000001            00017 RW      equ     RB1
  00000002            00018 E       equ     RB2
  00000000            00019 DB0     equ     RA0
  00000001            00020 DB1     equ     RA1
  00000002            00021 DB2     equ     RA2
  00000003            00022 DB3     equ     RA3
  00000004            00023 DB4     equ     RA4
  00000005            00024 DB5     equ     RA5
  00000003            00025 DB6     equ     RB3             ; Note that B reg used
  00000004            00026 DB7     equ     RB4
                      00027         
000000                00028         org     0
                      00029 
                      00030         ;; output on A and B ports
000000 6A92           00031         clrf    TRISA
000002 6A93           00032         clrf    TRISB
                      00033 
                      00034         ;; switch ports to digital
000004 80C1           00035         bsf     ADCON1, 0
000006 82C1           00036         bsf     ADCON1, 1
000008 84C1           00037         bsf     ADCON1, 2
00000A 86C1           00038         bsf     ADCON1, 3
                      00039         
00000C 6A80           00040         clrf    PORTA
00000E 6A81           00041         clrf    PORTB
                      00042 
MPASM  5.37                      BASE_LCD.ASM   1-20-2011  1:00:42         PAGE  2


LOC  OBJECT CODE     LINE SOURCE TEXT
  VALUE

000010 EC4F F000      00043         call    InitLCD
000014 EC7C F000      00044         call    WaitForBusyFlag
000018                00045 WriteLoop:
000018 0EC8           00046         movlw   0xC8
00001A EC95 F000      00047         call    WriteLCDChar
00001E 0EA0           00048         movlw   0xA0
000020 EC95 F000      00049         call    WriteLCDChar
000024 0EB8           00050         movlw   0xB8
000026 EC95 F000      00051         call    WriteLCDChar
00002A 0EBE           00052         movlw   0xBE
00002C EC95 F000      00053         call    WriteLCDChar
000030 0E2D           00054         movlw   0x2D
000032 EC95 F000      00055         call    WriteLCDChar
000036 0EB2           00056         movlw   0xB2
000038 EC95 F000      00057         call    WriteLCDChar
00003C 0EB8           00058         movlw   0xB8
00003E EC95 F000      00059         call    WriteLCDChar
000042 0EBE           00060         movlw   0xBE
000044 EC95 F000      00061         call    WriteLCDChar
000048 0E21           00062         movlw   0x21
00004A EC95 F000      00063         call    WriteLCDChar
00004E 0EC9           00064         movlw   0xC9
000050 EC95 F000      00065         call    WriteLCDChar
000054 EF2A F000      00066         goto    $
                      00067 
                      00068 ;;; Delay subroutine. W reg must hold amount of 250 us delays
                      00069 ;;; On 12 Mhz we have 3 instructions per 1 us (microsecond)
000058                00070 Delay250us:
000058 6E21           00071         movwf   Delay2
00005A                00072 Delay250Loop:
00005A 0000           00073         nop
00005C 2E20           00074         decfsz  Delay1, f
00005E EF2D F000      00075         goto    Delay250Loop
000062 2E21           00076         decfsz  Delay2, f
000064 EF2D F000      00077         goto    Delay250Loop
000068 0012           00078         return
                      00079 
                      00080 ;;; W reg must hold amount of 1 us delays
00006A                00081 Delay1us:
00006A 6E20           00082         movwf   Delay1
00006C                00083 Delay2Loop:
00006C 0000           00084         nop
00006E 2E20           00085         decfsz  Delay1, f
000070 EF36 F000      00086         goto    Delay2Loop
000074 0012           00087         return
                      00088 
                      00089 ;;; Routine clears LCD
000076                00090 ClearLCD:
000076 0E01           00091         movlw   1
000078 EC2C F000      00092         call    Delay250us
                      00093         
                      00094         ;; RS = 0, RW = 0, DB1-DB7 = 0, DB0 = 1
00007C 8481           00095         bsf     PORTB, E
MPASM  5.37                      BASE_LCD.ASM   1-20-2011  1:00:42         PAGE  3


LOC  OBJECT CODE     LINE SOURCE TEXT
  VALUE

                      00096 
00007E 0E01           00097         movlw   1
000080 EC2C F000      00098         call    Delay250us
                      00099         
000084 8080           00100         bsf     PORTA, DB0
                      00101 
000086 0E01           00102         movlw   1
000088 EC2C F000      00103         call    Delay250us
                      00104 
00008C 9481           00105         bcf     PORTB, E
                      00106         
00008E 0E01           00107         movlw   1
000090 EC2C F000      00108         call    Delay250us
                      00109 
000094 6A80           00110         clrf    PORTA
                      00111 
000096 0E01           00112         movlw   1
000098 EC2C F000      00113         call    Delay250us
00009C 0012           00114         return
                      00115 
                      00116 
                      00117 ;;; Initializes LCD communication mode, init display and clear it
00009E                00118 InitLCD:
00009E 0E60           00119         movlw   60
0000A0 EC2C F000      00120         call    Delay250us
0000A4 0E30           00121         movlw   30
0000A6 EC91 F000      00122         call    WriteLCD
0000AA 0E60           00123         movlw   60
0000AC EC2C F000      00124         call    Delay250us
0000B0 0E30           00125         movlw   30
0000B2 EC91 F000      00126         call    WriteLCD
0000B6 0E10           00127         movlw   10
0000B8 EC2C F000      00128         call    Delay250us
0000BC 0E32           00129         movlw   32
0000BE EC91 F000      00130         call    WriteLCD
                      00131 
0000C2 EC7C F000      00132         call    WaitForBusyFlag
                      00133 
0000C6 0E38           00134         movlw   B'111000'         ; 8 bit, 2 line, 8x5 dots
0000C8 EC91 F000      00135         call    WriteLCD
                      00136 
0000CC EC7C F000      00137         call    WaitForBusyFlag
                      00138 
0000D0 0E08           00139         movlw   B'1000'         ;display off, cursor off, blink off
0000D2 EC91 F000      00140         call    WriteLCD
                      00141 
0000D6 EC7C F000      00142         call    WaitForBusyFlag
                      00143 
0000DA 0E0F           00144         movlw   B'1111'         ;display on, cursor on, blink on
0000DC EC91 F000      00145         call    WriteLCD
                      00146         
0000E0 EC7C F000      00147         call    WaitForBusyFlag
                      00148 
MPASM  5.37                      BASE_LCD.ASM   1-20-2011  1:00:42         PAGE  4


LOC  OBJECT CODE     LINE SOURCE TEXT
  VALUE

0000E4 0E01           00149         movlw   B'1'
0000E6 EC91 F000      00150         call    WriteLCD
0000EA 0E10           00151         movlw   10
0000EC EC2C F000      00152         call    Delay250us
0000F0 0E06           00153         movlw   B'110'
0000F2 EC91 F000      00154         call    WriteLCD
0000F6 0012           00155         return
                      00156 
0000F8                00157 WaitForBusyFlag:
0000F8 9881           00158         bcf     PORTB, DB7
0000FA 8892           00159         bsf     TRISA, DB7      ; switch it to input
0000FC 9081           00160         bcf     PORTB, RS
0000FE 8281           00161         bsf     PORTB, RW
                      00162 
000100                00163 WaitLoop:
000100 0E20           00164         movlw   20
000102 EC35 F000      00165         call    Delay1us
                      00166 
000106 8481           00167         bsf     PORTB, E
                      00168 
000108 0E20           00169         movlw   20
00010A EC35 F000      00170         call    Delay1us
                      00171 
00010E 9481           00172         bcf     PORTB, E
                      00173 
000110 0E20           00174         movlw   20
000112 EC35 F000      00175         call    Delay1us
                      00176         
000116 B881           00177         btfsc   PORTB, DB7
000118 EF80 F000      00178         goto    WaitLoop
                      00179 
00011C 9892           00180         bcf     TRISA, DB7
00011E 9281           00181         bcf     PORTB, RW
000120 0012           00182         return
                      00183 
                      00184 ;;; write byte from WReg to LCD
000122                00185 WriteLCD:
                      00186         ;; setup RS and RW
000122 9081           00187         bcf     PORTB, RS
000124 EC99 F000      00188         call    WriteLCDByte
000128 0012           00189         return
                      00190         
00012A                00191 WriteLCDChar:
00012A 8081           00192         bsf     PORTB, RS
00012C EC99 F000      00193         call    WriteLCDByte
000130 0012           00194         return
                      00195         
                      00196 ;;; Write WReg value to LCD port. We assume that RS pin is set correctly
000132                00197 WriteLCDByte:
000132 9281           00198         bcf     PORTB, RW
                      00199         ;; output data
000134 6E80           00200         movwf   PORTA
000136 9681           00201         bcf     PORTB, DB6
MPASM  5.37                      BASE_LCD.ASM   1-20-2011  1:00:42         PAGE  5


LOC  OBJECT CODE     LINE SOURCE TEXT
  VALUE

000138 9881           00202         bcf     PORTB, DB7
00013A BCE8           00203         btfsc   WREG, 6
00013C 8681           00204         bsf     PORTB, DB6
00013E BEE8           00205         btfsc   WREG, 7
000140 8881           00206         bsf     PORTB, DB7
                      00207 
                      00208         ;; delay
000142 0E10           00209         movlw   10
000144 EC35 F000      00210         call    Delay1us
                      00211 
                      00212         ;; set E high
000148 8481           00213         bsf     PORTB, E
                      00214 
                      00215         ;; delay
00014A 0E10           00216         movlw   10
00014C EC35 F000      00217         call    Delay1us
                      00218 
                      00219         ;; set to low
000150 9481           00220         bcf     PORTB, E
000152 0012           00221         return
                      00222         end
MPASM  5.37                      BASE_LCD.ASM   1-20-2011  1:00:42         PAGE  6


SYMBOL TABLE
  LABEL                             VALUE 

A                                 00000000
ABDEN                             00000000
ABDOVF                            00000007
ACCESS                            00000000
ACKDT                             00000005
ACKEN                             00000004
ACKSTAT                           00000006
ACQT0                             00000003
ACQT1                             00000004
ACQT2                             00000005
ACTVIE                            00000002
ACTVIF                            00000002
ADCON0                            00000FC2
ADCON1                            00000FC1
ADCON2                            00000FC0
ADCS0                             00000000
ADCS1                             00000001
ADCS2                             00000002
ADDEN                             00000003
ADDR0                             00000000
ADDR1                             00000001
ADDR2                             00000002
ADDR3                             00000003
ADDR4                             00000004
ADDR5                             00000005
ADDR6                             00000006
ADEN                              00000003
ADFM                              00000007
ADIE                              00000006
ADIF                              00000006
ADIP                              00000006
ADON                              00000000
ADRES                             00000FC3
ADRESH                            00000FC4
ADRESL                            00000FC3
AN0                               00000000
AN1                               00000001
AN2                               00000002
AN3                               00000003
AN4                               00000005
BANKED                            00000001
BAUDCON                           00000FB8
BCLIE                             00000003
BCLIF                             00000003
BCLIP                             00000003
BF                                00000000
BGST                              00000005
BOR                               00000000
BRG16                             00000003
BRGH                              00000002
BSR                               00000FE0
BTOEE                             00000004
BTOEF                             00000004
MPASM  5.37                      BASE_LCD.ASM   1-20-2011  1:00:42         PAGE  7


SYMBOL TABLE
  LABEL                             VALUE 

BTSEE                             00000007
BTSEF                             00000007
C                                 00000000
C1INV                             00000004
C1OUT                             00000006
C2INV                             00000005
C2OUT                             00000007
CCP1                              00000002
CCP1AS                            00000FB6
CCP1CON                           00000FBD
CCP1DEL                           00000FB7
CCP1IE                            00000002
CCP1IF                            00000002
CCP1IP                            00000002
CCP1M0                            00000000
CCP1M1                            00000001
CCP1M2                            00000002
CCP1M3                            00000003
CCP2CON                           00000FBA
CCP2IE                            00000000
CCP2IF                            00000000
CCP2IP                            00000000
CCP2M0                            00000000
CCP2M1                            00000001
CCP2M2                            00000002
CCP2M3                            00000003
CCPR1                             00000FBE
CCPR1H                            00000FBF
CCPR1L                            00000FBE
CCPR2                             00000FBB
CCPR2H                            00000FBC
CCPR2L                            00000FBB
CFGS                              00000006
CHS0                              00000002
CHS1                              00000003
CHS2                              00000004
CHS3                              00000005
CIS                               00000003
CK                                00000006
CKE                               00000006
CKP                               00000004
CM0                               00000000
CM1                               00000001
CM2                               00000002
CMCON                             00000FB4
CMIE                              00000006
CMIF                              00000006
CMIP                              00000006
CRC16EE                           00000002
CRC16EF                           00000002
CRC5EE                            00000001
CRC5EF                            00000001
CREN                              00000004
MPASM  5.37                      BASE_LCD.ASM   1-20-2011  1:00:42         PAGE  8


SYMBOL TABLE
  LABEL                             VALUE 

CSRC                              00000007
CVR0                              00000000
CVR1                              00000001
CVR2                              00000002
CVR3                              00000003
CVRCON                            00000FB5
CVREF                             00000004
CVREN                             00000007
CVROE                             00000006
CVRR                              00000005
CVRSS                             00000004
ClearLCD                          00000076
D                                 00000005
DATA_ADDRESS                      00000005
DB0                               00000000
DB1                               00000001
DB2                               00000002
DB3                               00000003
DB4                               00000004
DB5                               00000005
DB6                               00000003
DB7                               00000004
DC                                00000001
DC1B0                             00000004
DC1B1                             00000005
DC2B0                             00000004
DC2B1                             00000005
DDRA                              TRISA
DDRB                              TRISB
DDRC                              TRISC
DDRD                              TRISD
DDRE                              TRISE
DFN8EE                            00000003
DFN8EF                            00000003
DIR                               00000002
DONE                              00000001
D_A                               00000005
Delay1                            00000020
Delay1us                          0000006A
Delay2                            00000021
Delay250Loop                      0000005A
Delay250us                        00000058
Delay2Loop                        0000006C
E                                 00000002
ECCP1AS                           00000FB6
ECCP1DEL                          00000FB7
ECCPAS0                           00000004
ECCPAS1                           00000005
ECCPAS2                           00000006
ECCPASE                           00000007
EEADR                             00000FA9
EECON1                            00000FA6
EECON2                            00000FA7
MPASM  5.37                      BASE_LCD.ASM   1-20-2011  1:00:42         PAGE  9


SYMBOL TABLE
  LABEL                             VALUE 

EEDATA                            00000FA8
EEIE                              00000004
EEIF                              00000004
EEIP                              00000004
EEPGD                             00000007
ENDP0                             00000003
ENDP1                             00000004
ENDP2                             00000005
ENDP3                             00000006
EPCONDIS                          00000003
EPHSHK                            00000004
EPINEN                            00000001
EPOUTEN                           00000002
EPSTALL                           00000000
FAST                              00000001
FERR                              00000002
FLTS                              00000002
FREE                              00000004
FRM0                              00000000
FRM1                              00000001
FRM10                             00000002
FRM2                              00000002
FRM3                              00000003
FRM4                              00000004
FRM5                              00000005
FRM6                              00000006
FRM7                              00000007
FRM8                              00000000
FRM9                              00000001
FSEN                              00000002
FSR0                              00000000
FSR0H                             00000FEA
FSR0L                             00000FE9
FSR1                              00000001
FSR1H                             00000FE2
FSR1L                             00000FE1
FSR2                              00000002
FSR2H                             00000FDA
FSR2L                             00000FD9
GCEN                              00000007
GIE                               00000007
GIEH                              00000007
GIEL                              00000006
GO                                00000001
GO_DONE                           00000001
HLVDCON                           00000FD2
HLVDEN                            00000004
HLVDIE                            00000002
HLVDIF                            00000002
HLVDIN                            00000005
HLVDIP                            00000002
HLVDL0                            00000000
HLVDL1                            00000001
MPASM  5.37                      BASE_LCD.ASM   1-20-2011  1:00:42         PAGE 10


SYMBOL TABLE
  LABEL                             VALUE 

HLVDL2                            00000002
HLVDL3                            00000003
I2C_DAT                           00000005
I2C_READ                          00000002
I2C_START                         00000003
I2C_STOP                          00000004
IDLEIE                            00000004
IDLEIF                            00000004
IDLEN                             00000007
INDF0                             00000FEF
INDF1                             00000FE7
INDF2                             00000FDF
INT0                              00000000
INT0E                             00000004
INT0F                             00000001
INT0IE                            00000004
INT0IF                            00000001
INT1                              00000001
INT1E                             00000003
INT1F                             00000000
INT1IE                            00000003
INT1IF                            00000000
INT1IP                            00000006
INT1P                             00000006
INT2                              00000002
INT2E                             00000004
INT2F                             00000001
INT2IE                            00000004
INT2IF                            00000001
INT2IP                            00000007
INT2P                             00000007
INTCON                            00000FF2
INTCON2                           00000FF1
INTCON3                           00000FF0
INTEDG0                           00000006
INTEDG1                           00000005
INTEDG2                           00000004
INTSRC                            00000007
IOFS                              00000002
IPEN                              00000007
IPR1                              00000F9F
IPR2                              00000FA2
IRCF0                             00000004
IRCF1                             00000005
IRCF2                             00000006
IRVST                             00000005
IVRST                             00000005
InitLCD                           0000009E
LATA                              00000F89
LATA0                             00000000
LATA1                             00000001
LATA2                             00000002
LATA3                             00000003
MPASM  5.37                      BASE_LCD.ASM   1-20-2011  1:00:42         PAGE 11


SYMBOL TABLE
  LABEL                             VALUE 

LATA4                             00000004
LATA5                             00000005
LATA6                             00000006
LATB                              00000F8A
LATB0                             00000000
LATB1                             00000001
LATB2                             00000002
LATB3                             00000003
LATB4                             00000004
LATB5                             00000005
LATB6                             00000006
LATB7                             00000007
LATC                              00000F8B
LATC0                             00000000
LATC1                             00000001
LATC2                             00000002
LATC6                             00000006
LATC7                             00000007
LVDCON                            00000FD2
LVDEN                             00000004
LVDIE                             00000002
LVDIF                             00000002
LVDIN                             00000005
LVDIP                             00000002
LVDL0                             00000000
LVDL1                             00000001
LVDL2                             00000002
LVDL3                             00000003
LVV0                              00000000
LVV1                              00000001
LVV2                              00000002
LVV3                              00000003
N                                 00000004
NOT_A                             00000005
NOT_ADDRESS                       00000005
NOT_BOR                           00000000
NOT_DONE                          00000001
NOT_IPEN                          00000007
NOT_PD                            00000002
NOT_POR                           00000001
NOT_RBPU                          00000007
NOT_RI                            00000004
NOT_T1SYNC                        00000002
NOT_T3SYNC                        00000002
NOT_TO                            00000003
NOT_W                             00000002
NOT_WRITE                         00000002
OERR                              00000001
OSC2                              00000006
OSCCON                            00000FD3
OSCFIE                            00000007
OSCFIF                            00000007
OSCFIP                            00000007
MPASM  5.37                      BASE_LCD.ASM   1-20-2011  1:00:42         PAGE 12


SYMBOL TABLE
  LABEL                             VALUE 

OSCTUNE                           00000F9B
OSTS                              00000003
OV                                00000003
P                                 00000004
P1A                               00000002
PC                                00000FF9
PCFG0                             00000000
PCFG1                             00000001
PCFG2                             00000002
PCFG3                             00000003
PCL                               00000FF9
PCLATH                            00000FFA
PCLATU                            00000FFB
PD                                00000002
PEIE                              00000006
PEN                               00000002
PGC                               00000006
PGD                               00000007
PGM                               00000005
PIDEE                             00000000
PIDEF                             00000000
PIE1                              00000F9D
PIE2                              00000FA0
PIR1                              00000F9E
PIR2                              00000FA1
PKTDIS                            00000004
PLUSW0                            00000FEB
PLUSW1                            00000FE3
PLUSW2                            00000FDB
POR                               00000001
PORTA                             00000F80
PORTB                             00000F81
PORTC                             00000F82
PORTE                             00000F84
POSTDEC0                          00000FED
POSTDEC1                          00000FE5
POSTDEC2                          00000FDD
POSTINC0                          00000FEE
POSTINC1                          00000FE6
POSTINC2                          00000FDE
PPB0                              00000000
PPB1                              00000001
PPBI                              00000001
PPBRST                            00000006
PR2                               00000FCB
PREINC0                           00000FEC
PREINC1                           00000FE4
PREINC2                           00000FDC
PROD                              00000FF3
PRODH                             00000FF4
PRODL                             00000FF3
PRSEN                             00000007
PSA                               00000003
MPASM  5.37                      BASE_LCD.ASM   1-20-2011  1:00:42         PAGE 13


SYMBOL TABLE
  LABEL                             VALUE 

PSSAC0                            00000002
PSSAC1                            00000003
R                                 00000002
RA0                               00000000
RA1                               00000001
RA2                               00000002
RA3                               00000003
RA4                               00000004
RA5                               00000005
RA6                               00000006
RB0                               00000000
RB1                               00000001
RB2                               00000002
RB3                               00000003
RB4                               00000004
RB5                               00000005
RB6                               00000006
RB7                               00000007
RBIE                              00000003
RBIF                              00000000
RBIP                              00000000
RBPU                              00000007
RC0                               00000000
RC1                               00000001
RC2                               00000002
RC4                               00000004
RC5                               00000005
RC6                               00000006
RC7                               00000007
RCEN                              00000003
RCIDL                             00000006
RCIE                              00000005
RCIF                              00000005
RCIP                              00000005
RCMT                              00000006
RCON                              00000FD0
RCREG                             00000FAE
RCSTA                             00000FAB
RD                                00000000
RD16                              00000007
RE3                               00000003
READ_WRITE                        00000002
RESUME                            00000002
RI                                00000004
RS                                00000000
RSEN                              00000001
RW                                00000001
RX                                00000007
RX9                               00000006
RX9D                              00000000
RXDTP                             00000005
R_W                               00000002
S                                 00000003
MPASM  5.37                      BASE_LCD.ASM   1-20-2011  1:00:42         PAGE 14


SYMBOL TABLE
  LABEL                             VALUE 

SBOREN                            00000006
SCKP                              00000004
SCS0                              00000000
SCS1                              00000001
SE0                               00000005
SEN                               00000000
SENDB                             00000003
SMP                               00000007
SOFIE                             00000006
SOFIF                             00000006
SPBRG                             00000FAF
SPBRGH                            00000FB0
SPEN                              00000007
SREN                              00000005
SSPADD                            00000FC8
SSPBUF                            00000FC9
SSPCON1                           00000FC6
SSPCON2                           00000FC5
SSPEN                             00000005
SSPIE                             00000003
SSPIF                             00000003
SSPIP                             00000003
SSPM0                             00000000
SSPM1                             00000001
SSPM2                             00000002
SSPM3                             00000003
SSPOV                             00000006
SSPSTAT                           00000FC7
STALLIE                           00000005
STALLIF                           00000005
STATUS                            00000FD8
STKFUL                            00000007
STKPTR                            00000FFC
STKPTR0                           00000000
STKPTR1                           00000001
STKPTR2                           00000002
STKPTR3                           00000003
STKPTR4                           00000004
STKUNF                            00000006
SUSPND                            00000001
SWDTE                             00000000
SWDTEN                            00000000
SYNC                              00000004
T08BIT                            00000006
T0CKI                             00000004
T0CON                             00000FD5
T0CS                              00000005
T0IE                              00000005
T0IF                              00000002
T0IP                              00000002
T0PS0                             00000000
T0PS1                             00000001
T0PS2                             00000002
MPASM  5.37                      BASE_LCD.ASM   1-20-2011  1:00:42         PAGE 15


SYMBOL TABLE
  LABEL                             VALUE 

T0SE                              00000004
T13CKI                            00000000
T1CKPS0                           00000004
T1CKPS1                           00000005
T1CON                             00000FCD
T1OSCEN                           00000003
T1OSI                             00000001
T1OSO                             00000000
T1RUN                             00000006
T1SYNC                            00000002
T2CKPS0                           00000000
T2CKPS1                           00000001
T2CON                             00000FCA
T2OUTPS0                          00000003
T2OUTPS1                          00000004
T2OUTPS2                          00000005
T2OUTPS3                          00000006
T3CCP1                            00000003
T3CCP2                            00000006
T3CKPS0                           00000004
T3CKPS1                           00000005
T3CON                             00000FB1
T3NSYNC                           00000002
T3SYNC                            00000002
TABLAT                            00000FF5
TBLPTR                            00000FF6
TBLPTRH                           00000FF7
TBLPTRL                           00000FF6
TBLPTRU                           00000FF8
TMR0H                             00000FD7
TMR0IE                            00000005
TMR0IF                            00000002
TMR0IP                            00000002
TMR0L                             00000FD6
TMR0ON                            00000007
TMR1CS                            00000001
TMR1H                             00000FCF
TMR1IE                            00000000
TMR1IF                            00000000
TMR1IP                            00000000
TMR1L                             00000FCE
TMR1ON                            00000000
TMR2                              00000FCC
TMR2IE                            00000001
TMR2IF                            00000001
TMR2IP                            00000001
TMR2ON                            00000002
TMR3CS                            00000001
TMR3H                             00000FB3
TMR3IE                            00000001
TMR3IF                            00000001
TMR3IP                            00000001
TMR3L                             00000FB2
MPASM  5.37                      BASE_LCD.ASM   1-20-2011  1:00:42         PAGE 16


SYMBOL TABLE
  LABEL                             VALUE 

TMR3ON                            00000000
TO                                00000003
TOS                               00000FFD
TOSH                              00000FFE
TOSL                              00000FFD
TOSU                              00000FFF
TRISA                             00000F92
TRISA0                            00000000
TRISA1                            00000001
TRISA2                            00000002
TRISA3                            00000003
TRISA4                            00000004
TRISA5                            00000005
TRISA6                            00000006
TRISB                             00000F93
TRISB0                            00000000
TRISB1                            00000001
TRISB2                            00000002
TRISB3                            00000003
TRISB4                            00000004
TRISB5                            00000005
TRISB6                            00000006
TRISB7                            00000007
TRISC                             00000F94
TRISC0                            00000000
TRISC1                            00000001
TRISC2                            00000002
TRISC6                            00000006
TRISC7                            00000007
TRMT                              00000001
TRNIE                             00000003
TRNIF                             00000003
TUN0                              00000000
TUN1                              00000001
TUN2                              00000002
TUN3                              00000003
TUN4                              00000004
TX                                00000006
TX9                               00000006
TX9D                              00000000
TXCKP                             00000004
TXEN                              00000005
TXIE                              00000004
TXIF                              00000004
TXIP                              00000004
TXREG                             00000FAD
TXSTA                             00000FAC
UA                                00000001
UADDR                             00000F6E
UCFG                              00000F6F
UCON                              00000F6D
UEIE                              00000F6B
UEIR                              00000F6A
MPASM  5.37                      BASE_LCD.ASM   1-20-2011  1:00:42         PAGE 17


SYMBOL TABLE
  LABEL                             VALUE 

UEP0                              00000F70
UEP1                              00000F71
UEP10                             00000F7A
UEP11                             00000F7B
UEP12                             00000F7C
UEP13                             00000F7D
UEP14                             00000F7E
UEP15                             00000F7F
UEP2                              00000F72
UEP3                              00000F73
UEP4                              00000F74
UEP5                              00000F75
UEP6                              00000F76
UEP7                              00000F77
UEP8                              00000F78
UEP9                              00000F79
UERRIE                            00000001
UERRIF                            00000001
UFRM                              00000F66
UFRMH                             00000F67
UFRML                             00000F66
UIE                               00000F69
UIR                               00000F68
UOEMON                            00000006
UPUEN                             00000004
URSTIE                            00000000
URSTIF                            00000000
USBEN                             00000003
USBIE                             00000005
USBIF                             00000005
USBIP                             00000005
USTAT                             00000F6C
UTEYE                             00000007
UTRDIS                            00000003
VCFG0                             00000004
VCFG1                             00000005
VDIRMAG                           00000007
VREFM                             00000002
VREFP                             00000003
W                                 00000000
WCOL                              00000007
WDTCON                            00000FD1
WR                                00000001
WREG                              00000FE8
WREN                              00000002
WRERR                             00000003
WUE                               00000001
WaitForBusyFlag                   000000F8
WaitLoop                          00000100
WriteLCD                          00000122
WriteLCDByte                      00000132
WriteLCDChar                      0000012A
WriteLoop                         00000018
MPASM  5.37                      BASE_LCD.ASM   1-20-2011  1:00:42         PAGE 18


SYMBOL TABLE
  LABEL                             VALUE 

Z                                 00000002
_BORV_0_2L                        000000E7
_BORV_1_2L                        000000EF
_BORV_2_2L                        000000F7
_BORV_3_2L                        000000FF
_BOR_OFF_2L                       000000F9
_BOR_ON_2L                        000000FF
_BOR_ON_ACTIVE_2L                 000000FD
_BOR_SOFT_2L                      000000FB
_CCP2MX_OFF_3H                    000000FE
_CCP2MX_ON_3H                     000000FF
_CONFIG1H                         00300001
_CONFIG1L                         00300000
_CONFIG2H                         00300003
_CONFIG2L                         00300002
_CONFIG3H                         00300005
_CONFIG4L                         00300006
_CONFIG5H                         00300009
_CONFIG5L                         00300008
_CONFIG6H                         0030000B
_CONFIG6L                         0030000A
_CONFIG7H                         0030000D
_CONFIG7L                         0030000C
_CP0_OFF_5L                       000000FF
_CP0_ON_5L                        000000FE
_CP1_OFF_5L                       000000FF
_CP1_ON_5L                        000000FD
_CP2_OFF_5L                       000000FF
_CP2_ON_5L                        000000FB
_CP3_OFF_5L                       000000FF
_CP3_ON_5L                        000000F7
_CPB_OFF_5H                       000000FF
_CPB_ON_5H                        000000BF
_CPD_OFF_5H                       000000FF
_CPD_ON_5H                        0000007F
_CPUDIV_OSC1_PLL2_1L              000000E7
_CPUDIV_OSC2_PLL3_1L              000000EF
_CPUDIV_OSC3_PLL4_1L              000000F7
_CPUDIV_OSC4_PLL6_1L              000000FF
_DEBUG_OFF_4L                     000000FF
_DEBUG_ON_4L                      0000007F
_DEVID1                           003FFFFE
_DEVID2                           003FFFFF
_EBTR0_OFF_7L                     000000FF
_EBTR0_ON_7L                      000000FE
_EBTR1_OFF_7L                     000000FF
_EBTR1_ON_7L                      000000FD
_EBTR2_OFF_7L                     000000FF
_EBTR2_ON_7L                      000000FB
_EBTR3_OFF_7L                     000000FF
_EBTR3_ON_7L                      000000F7
_EBTRB_OFF_7H                     000000FF
_EBTRB_ON_7H                      000000BF
MPASM  5.37                      BASE_LCD.ASM   1-20-2011  1:00:42         PAGE 19


SYMBOL TABLE
  LABEL                             VALUE 

_FCMEN_OFF_1H                     000000BF
_FCMEN_ON_1H                      000000FF
_FOSC_ECIO_EC_1H                  000000F4
_FOSC_ECPLLIO_EC_1H               000000F6
_FOSC_ECPLL_EC_1H                 000000F7
_FOSC_EC_EC_1H                    000000F5
_FOSC_HSPLL_HS_1H                 000000FE
_FOSC_HS_1H                       000000FC
_FOSC_INTOSCIO_EC_1H              000000F8
_FOSC_INTOSC_EC_1H                000000F9
_FOSC_INTOSC_HS_1H                000000FB
_FOSC_INTOSC_XT_1H                000000FA
_FOSC_XTPLL_XT_1H                 000000F2
_FOSC_XT_XT_1H                    000000F0
_IDLOC0                           00200000
_IDLOC1                           00200001
_IDLOC2                           00200002
_IDLOC3                           00200003
_IDLOC4                           00200004
_IDLOC5                           00200005
_IDLOC6                           00200006
_IDLOC7                           00200007
_IESO_OFF_1H                      0000007F
_IESO_ON_1H                       000000FF
_LPT1OSC_OFF_3H                   000000FB
_LPT1OSC_ON_3H                    000000FF
_LVP_OFF_4L                       000000FB
_LVP_ON_4L                        000000FF
_MCLRE_OFF_3H                     0000007F
_MCLRE_ON_3H                      000000FF
_PBADEN_OFF_3H                    000000FD
_PBADEN_ON_3H                     000000FF
_PLLDIV_10_1L                     000000FE
_PLLDIV_12_1L                     000000FF
_PLLDIV_1_1L                      000000F8
_PLLDIV_2_1L                      000000F9
_PLLDIV_3_1L                      000000FA
_PLLDIV_4_1L                      000000FB
_PLLDIV_5_1L                      000000FC
_PLLDIV_6_1L                      000000FD
_PWRT_OFF_2L                      000000FF
_PWRT_ON_2L                       000000FE
_STVREN_OFF_4L                    000000FE
_STVREN_ON_4L                     000000FF
_USBDIV_1_1L                      000000DF
_USBDIV_2_1L                      000000FF
_VREGEN_OFF_2L                    000000DF
_VREGEN_ON_2L                     000000FF
_WDTPS_1024_2H                    000000F5
_WDTPS_128_2H                     000000EF
_WDTPS_16384_2H                   000000FD
_WDTPS_16_2H                      000000E9
_WDTPS_1_2H                       000000E1
MPASM  5.37                      BASE_LCD.ASM   1-20-2011  1:00:42         PAGE 20


SYMBOL TABLE
  LABEL                             VALUE 

_WDTPS_2048_2H                    000000F7
_WDTPS_256_2H                     000000F1
_WDTPS_2_2H                       000000E3
_WDTPS_32768_2H                   000000FF
_WDTPS_32_2H                      000000EB
_WDTPS_4096_2H                    000000F9
_WDTPS_4_2H                       000000E5
_WDTPS_512_2H                     000000F3
_WDTPS_64_2H                      000000ED
_WDTPS_8192_2H                    000000FB
_WDTPS_8_2H                       000000E7
_WDT_OFF_2H                       000000FE
_WDT_ON_2H                        000000FF
_WRT0_OFF_6L                      000000FF
_WRT0_ON_6L                       000000FE
_WRT1_OFF_6L                      000000FF
_WRT1_ON_6L                       000000FD
_WRT2_OFF_6L                      000000FF
_WRT2_ON_6L                       000000FB
_WRT3_OFF_6L                      000000FF
_WRT3_ON_6L                       000000F7
_WRTB_OFF_6H                      000000FF
_WRTB_ON_6H                       000000BF
_WRTC_OFF_6H                      000000FF
_WRTC_ON_6H                       000000DF
_WRTD_OFF_6H                      000000FF
_WRTD_ON_6H                       0000007F
_XINST_OFF_4L                     000000BF
_XINST_ON_4L                      000000FF
__18F2550                         00000001
__DEBUG                           1


MEMORY USAGE MAP ('X' = Used,  '-' = Unused)

0000 : XXXXXXXXXXXXXXXX XXXXXXXXXXXXXXXX XXXXXXXXXXXXXXXX XXXXXXXXXXXXXXXX
0040 : XXXXXXXXXXXXXXXX XXXXXXXXXXXXXXXX XXXXXXXXXXXXXXXX XXXXXXXXXXXXXXXX
0080 : XXXXXXXXXXXXXXXX XXXXXXXXXXXXXXXX XXXXXXXXXXXXXXXX XXXXXXXXXXXXXXXX
00C0 : XXXXXXXXXXXXXXXX XXXXXXXXXXXXXXXX XXXXXXXXXXXXXXXX XXXXXXXXXXXXXXXX
0100 : XXXXXXXXXXXXXXXX XXXXXXXXXXXXXXXX XXXXXXXXXXXXXXXX XXXXXXXXXXXXXXXX
0140 : XXXXXXXXXXXXXXXX XXXX------------ ---------------- ----------------
0000 : XXXX-XX-XXXXXX-- ---------------- ---------------- ----------------

All other memory blocks unused.

Program Memory Bytes Used:   352
Program Memory Bytes Free: 32416


MPASM  5.37                      BASE_LCD.ASM   1-20-2011  1:00:42         PAGE 21





Errors   :     0
Warnings :     0 reported,     0 suppressed
Messages :     0 reported,     0 suppressed

