MPLINK 4.37, Linker
Linker Map File - Created Sat Jan 15 17:57:49 2011

                                 Section Info
                  Section       Type    Address   Location Size(Bytes)
                ---------  ---------  ---------  ---------  ---------
                   .org_0       code   0x000000    program   0x000000
                   .org_1       code   0x000000    program   0x00008a
.config_300000_BASE_LCD.O    romdata   0x300000    program   0x000001
.config_300001_BASE_LCD.O    romdata   0x300001    program   0x000001
.config_300002_BASE_LCD.O    romdata   0x300002    program   0x000001
.config_300003_BASE_LCD.O    romdata   0x300003    program   0x000001
.config_300005_BASE_LCD.O    romdata   0x300005    program   0x000001
.config_300006_BASE_LCD.O    romdata   0x300006    program   0x000001
.config_300008_BASE_LCD.O    romdata   0x300008    program   0x000001
.config_300009_BASE_LCD.O    romdata   0x300009    program   0x000001
.config_30000A_BASE_LCD.O    romdata   0x30000a    program   0x000001
.config_30000B_BASE_LCD.O    romdata   0x30000b    program   0x000001
.config_30000C_BASE_LCD.O    romdata   0x30000c    program   0x000001
.config_30000D_BASE_LCD.O    romdata   0x30000d    program   0x000001



                              Program Memory Usage 
                               Start         End      
                           ---------   ---------      
                            0x000000    0x000089      
                            0x300000    0x300003      
                            0x300005    0x300006      
                            0x300008    0x30000d      
            150 out of 33048 program addresses used, program memory utilization is 0%



                              Symbols - Sorted by Name
                     Name    Address   Location    Storage File                     
                ---------  ---------  ---------  --------- ---------                
                 ClearLCD   0x000034    program     static C:\Users\Shmuma\Work\radio\PIC LCD-USB demo\Control\Base\base_lcd.asm
                ClearLoop   0x000012    program     static C:\Users\Shmuma\Work\radio\PIC LCD-USB demo\Control\Base\base_lcd.asm
             Delay250Loop   0x00001c    program     static C:\Users\Shmuma\Work\radio\PIC LCD-USB demo\Control\Base\base_lcd.asm
               Delay250us   0x00001a    program     static C:\Users\Shmuma\Work\radio\PIC LCD-USB demo\Control\Base\base_lcd.asm
               Delay2Loop   0x00002c    program     static C:\Users\Shmuma\Work\radio\PIC LCD-USB demo\Control\Base\base_lcd.asm
                 Delay2us   0x00002a    program     static C:\Users\Shmuma\Work\radio\PIC LCD-USB demo\Control\Base\base_lcd.asm
                  InitLCD   0x00005c    program     static C:\Users\Shmuma\Work\radio\PIC LCD-USB demo\Control\Base\base_lcd.asm



                              Symbols - Sorted by Address
                     Name    Address   Location    Storage File                     
                ---------  ---------  ---------  --------- ---------                
                ClearLoop   0x000012    program     static C:\Users\Shmuma\Work\radio\PIC LCD-USB demo\Control\Base\base_lcd.asm
               Delay250us   0x00001a    program     static C:\Users\Shmuma\Work\radio\PIC LCD-USB demo\Control\Base\base_lcd.asm
             Delay250Loop   0x00001c    program     static C:\Users\Shmuma\Work\radio\PIC LCD-USB demo\Control\Base\base_lcd.asm
                 Delay2us   0x00002a    program     static C:\Users\Shmuma\Work\radio\PIC LCD-USB demo\Control\Base\base_lcd.asm
               Delay2Loop   0x00002c    program     static C:\Users\Shmuma\Work\radio\PIC LCD-USB demo\Control\Base\base_lcd.asm
                 ClearLCD   0x000034    program     static C:\Users\Shmuma\Work\radio\PIC LCD-USB demo\Control\Base\base_lcd.asm
                  InitLCD   0x00005c    program     static C:\Users\Shmuma\Work\radio\PIC LCD-USB demo\Control\Base\base_lcd.asm


