MPLINK 4.37, Linker
Linker Map File - Created Sun Jan 16 18:51:16 2011

                                 Section Info
                  Section       Type    Address   Location Size(Bytes)
                ---------  ---------  ---------  ---------  ---------
                   .org_0       code   0x000000    program   0x000000
                   .org_1       code   0x000000    program   0x000136
.config_300000_BASE_LCD.O    romdata   0x300000    program   0x000001
.config_300001_BASE_LCD.O    romdata   0x300001    program   0x000001
.config_300002_BASE_LCD.O    romdata   0x300002    program   0x000001
.config_300003_BASE_LCD.O    romdata   0x300003    program   0x000001
.config_300005_BASE_LCD.O    romdata   0x300005    program   0x000001
.config_300006_BASE_LCD.O    romdata   0x300006    program   0x000001
.config_300008_BASE_LCD.O    romdata   0x300008    program   0x000001
.config_300009_BASE_LCD.O    romdata   0x300009    program   0x000001
.config_30000A_BASE_LCD.O    romdata   0x30000a    program   0x000001
.config_30000B_BASE_LCD.O    romdata   0x30000b    program   0x000001
.config_30000C_BASE_LCD.O    romdata   0x30000c    program   0x000001
.config_30000D_BASE_LCD.O    romdata   0x30000d    program   0x000001



                              Program Memory Usage 
                               Start         End      
                           ---------   ---------      
                            0x000000    0x000135      
                            0x300000    0x300003      
                            0x300005    0x300006      
                            0x300008    0x30000d      
            322 out of 33048 program addresses used, program memory utilization is 0%



                              Symbols - Sorted by Name
                     Name    Address   Location    Storage File                     
                ---------  ---------  ---------  --------- ---------                
                 ClearLCD   0x00007e    program     static C:\Users\Shmuma\Work\radio\PIC LCD-USB demo\Control\Base\base_lcd.asm
             Delay250Loop   0x000066    program     static C:\Users\Shmuma\Work\radio\PIC LCD-USB demo\Control\Base\base_lcd.asm
               Delay250us   0x000064    program     static C:\Users\Shmuma\Work\radio\PIC LCD-USB demo\Control\Base\base_lcd.asm
               Delay2Loop   0x000076    program     static C:\Users\Shmuma\Work\radio\PIC LCD-USB demo\Control\Base\base_lcd.asm
                 Delay2us   0x000074    program     static C:\Users\Shmuma\Work\radio\PIC LCD-USB demo\Control\Base\base_lcd.asm
                  InitLCD   0x0000a6    program     static C:\Users\Shmuma\Work\radio\PIC LCD-USB demo\Control\Base\base_lcd.asm
          WaitForBusyFlag   0x0000e4    program     static C:\Users\Shmuma\Work\radio\PIC LCD-USB demo\Control\Base\base_lcd.asm
                 WaitLoop   0x0000ea    program     static C:\Users\Shmuma\Work\radio\PIC LCD-USB demo\Control\Base\base_lcd.asm
                 WriteLCD   0x0000fe    program     static C:\Users\Shmuma\Work\radio\PIC LCD-USB demo\Control\Base\base_lcd.asm
             WriteLCDByte   0x00010e    program     static C:\Users\Shmuma\Work\radio\PIC LCD-USB demo\Control\Base\base_lcd.asm
             WriteLCDChar   0x000106    program     static C:\Users\Shmuma\Work\radio\PIC LCD-USB demo\Control\Base\base_lcd.asm
                WriteLoop   0x000024    program     static C:\Users\Shmuma\Work\radio\PIC LCD-USB demo\Control\Base\base_lcd.asm



                              Symbols - Sorted by Address
                     Name    Address   Location    Storage File                     
                ---------  ---------  ---------  --------- ---------                
                WriteLoop   0x000024    program     static C:\Users\Shmuma\Work\radio\PIC LCD-USB demo\Control\Base\base_lcd.asm
               Delay250us   0x000064    program     static C:\Users\Shmuma\Work\radio\PIC LCD-USB demo\Control\Base\base_lcd.asm
             Delay250Loop   0x000066    program     static C:\Users\Shmuma\Work\radio\PIC LCD-USB demo\Control\Base\base_lcd.asm
                 Delay2us   0x000074    program     static C:\Users\Shmuma\Work\radio\PIC LCD-USB demo\Control\Base\base_lcd.asm
               Delay2Loop   0x000076    program     static C:\Users\Shmuma\Work\radio\PIC LCD-USB demo\Control\Base\base_lcd.asm
                 ClearLCD   0x00007e    program     static C:\Users\Shmuma\Work\radio\PIC LCD-USB demo\Control\Base\base_lcd.asm
                  InitLCD   0x0000a6    program     static C:\Users\Shmuma\Work\radio\PIC LCD-USB demo\Control\Base\base_lcd.asm
          WaitForBusyFlag   0x0000e4    program     static C:\Users\Shmuma\Work\radio\PIC LCD-USB demo\Control\Base\base_lcd.asm
                 WaitLoop   0x0000ea    program     static C:\Users\Shmuma\Work\radio\PIC LCD-USB demo\Control\Base\base_lcd.asm
                 WriteLCD   0x0000fe    program     static C:\Users\Shmuma\Work\radio\PIC LCD-USB demo\Control\Base\base_lcd.asm
             WriteLCDChar   0x000106    program     static C:\Users\Shmuma\Work\radio\PIC LCD-USB demo\Control\Base\base_lcd.asm
             WriteLCDByte   0x00010e    program     static C:\Users\Shmuma\Work\radio\PIC LCD-USB demo\Control\Base\base_lcd.asm


